
##### Experiment A : dimensional, constant coefficient #####
A d=1 exact basic O=0 | iter=  7 Nhat= 1 w=1.000 lmax=  1.987 lmin=0.0127 kap=   156.0 N=33 (0.0s)
A d=1 exact basic O=1 | iter=  8 Nhat= 2 w=1.000 lmax=  2.000 lmin=0.0379 kap=    52.8 N=33 (0.0s)
A d=1 exact basic O=2 | iter=  8 Nhat= 2 w=1.000 lmax=  2.000 lmin=0.0629 kap=    31.8 N=33 (0.0s)
A d=1 exact basic O=3 | iter=  8 Nhat= 2 w=1.000 lmax=  2.000 lmin=0.0882 kap=    22.7 N=33 (0.0s)
A d=1 exact basic O=4 | iter=  8 Nhat= 2 w=1.000 lmax=  2.977 lmin=0.1290 kap=    23.1 N=33 (0.0s)
A d=1 exact sasm  O=0 | iter=  7 Nhat= 1 w=1.000 lmax=  1.987 lmin=0.0127 kap=   156.0 N=33 (0.0s)
A d=1 exact sasm  O=1 | iter= 12 Nhat= 2 w=1.000 lmax=  2.122 lmin=0.0302 kap=    70.4 N=33 (0.0s)
A d=1 exact sasm  O=2 | iter= 13 Nhat= 2 w=1.000 lmax=  2.375 lmin=0.0440 kap=    54.0 N=33 (0.0s)
A d=1 exact sasm  O=3 | iter= 13 Nhat= 2 w=1.000 lmax=  2.604 lmin=0.0548 kap=    47.5 N=33 (0.0s)
A d=1 exact sasm  O=4 | iter=  8 Nhat= 2 w=1.000 lmax=  2.345 lmin=0.0674 kap=    34.8 N=33 (0.0s)
A d=1 ic0   basic O=0 | iter=  7 Nhat= 1 w=1.000 lmax=  1.987 lmin=0.0127 kap=   156.0 N=33 (0.0s)
A d=1 ic0   basic O=1 | iter=  8 Nhat= 2 w=1.000 lmax=  2.000 lmin=0.0379 kap=    52.8 N=33 (0.0s)
A d=1 ic0   basic O=2 | iter=  8 Nhat= 2 w=1.000 lmax=  2.000 lmin=0.0629 kap=    31.8 N=33 (0.0s)
A d=1 ic0   basic O=3 | iter=  8 Nhat= 2 w=1.000 lmax=  2.000 lmin=0.0882 kap=    22.7 N=33 (0.0s)
A d=1 ic0   basic O=4 | iter=  8 Nhat= 2 w=1.000 lmax=  2.977 lmin=0.1290 kap=    23.1 N=33 (0.0s)
A d=1 ic0   sasm  O=0 | iter=  7 Nhat= 1 w=1.000 lmax=  1.987 lmin=0.0127 kap=   156.0 N=33 (0.0s)
A d=1 ic0   sasm  O=1 | iter= 12 Nhat= 2 w=1.000 lmax=  2.122 lmin=0.0302 kap=    70.4 N=33 (0.0s)
A d=1 ic0   sasm  O=2 | iter= 13 Nhat= 2 w=1.000 lmax=  2.375 lmin=0.0440 kap=    54.0 N=33 (0.0s)
A d=1 ic0   sasm  O=3 | iter= 13 Nhat= 2 w=1.000 lmax=  2.604 lmin=0.0548 kap=    47.5 N=33 (0.0s)
A d=1 ic0   sasm  O=4 | iter=  8 Nhat= 2 w=1.000 lmax=  2.345 lmin=0.0674 kap=    34.8 N=33 (0.0s)
A d=2 exact basic O=0 | iter= 40 Nhat= 1 w=1.000 lmax=  1.991 lmin=0.0086 kap=   231.8 N=625 (0.2s)
A d=2 exact basic O=1 | iter= 27 Nhat= 4 w=1.000 lmax=  4.000 lmin=0.0287 kap=   139.3 N=625 (0.2s)
A d=2 exact basic O=2 | iter= 21 Nhat= 4 w=1.000 lmax=  4.000 lmin=0.0528 kap=    75.7 N=625 (0.2s)
A d=2 exact basic O=3 | iter= 24 Nhat= 4 w=1.000 lmax=  5.674 lmin=0.1000 kap=    56.7 N=625 (0.2s)
A d=2 exact basic O=4 | iter= 24 Nhat= 9 w=1.000 lmax=  9.000 lmin=0.1649 kap=    54.6 N=625 (0.2s)
A d=2 exact sasm  O=0 | iter= 40 Nhat= 1 w=1.000 lmax=  1.991 lmin=0.0086 kap=   231.8 N=625 (0.2s)
A d=2 exact sasm  O=1 | iter= 27 Nhat= 4 w=1.000 lmax=  1.958 lmin=0.0201 kap=    97.2 N=625 (0.2s)
A d=2 exact sasm  O=2 | iter= 23 Nhat= 4 w=1.000 lmax=  2.036 lmin=0.0286 kap=    71.2 N=625 (0.2s)
A d=2 exact sasm  O=3 | iter= 20 Nhat= 4 w=1.000 lmax=  1.858 lmin=0.0350 kap=    53.1 N=625 (0.2s)
A d=2 exact sasm  O=4 | iter= 19 Nhat= 9 w=1.000 lmax=  1.925 lmin=0.0445 kap=    43.2 N=625 (0.2s)
A d=2 ic0   basic O=0 | iter= 49 Nhat= 1 w=1.356 lmax=  1.663 lmin=0.0046 kap=   357.6 N=625 (0.4s)
A d=2 ic0   basic O=1 | iter= 55 Nhat= 4 w=1.356 lmax=  4.301 lmin=0.0077 kap=   556.7 N=625 (0.5s)
A d=2 ic0   basic O=2 | iter= 55 Nhat= 4 w=1.356 lmax=  4.542 lmin=0.0104 kap=   436.2 N=625 (0.6s)
A d=2 ic0   basic O=3 | iter= 51 Nhat= 4 w=1.357 lmax=  5.333 lmin=0.0150 kap=   354.7 N=625 (0.7s)
A d=2 ic0   basic O=4 | iter= 57 Nhat= 9 w=1.357 lmax=  9.730 lmin=0.0192 kap=   507.0 N=625 (0.8s)
A d=2 ic0   sasm  O=0 | iter= 49 Nhat= 1 w=1.356 lmax=  1.663 lmin=0.0046 kap=   357.6 N=625 (0.5s)
A d=2 ic0   sasm  O=1 | iter= 38 Nhat= 4 w=1.356 lmax=  1.276 lmin=0.0059 kap=   216.6 N=625 (0.5s)
A d=2 ic0   sasm  O=2 | iter= 38 Nhat= 4 w=1.356 lmax=  1.279 lmin=0.0061 kap=   211.1 N=625 (1.0s)
A d=2 ic0   sasm  O=3 | iter= 38 Nhat= 4 w=1.357 lmax=  1.333 lmin=0.0061 kap=   218.4 N=625 (0.6s)
A d=2 ic0   sasm  O=4 | iter= 37 Nhat= 9 w=1.357 lmax=  1.278 lmin=0.0064 kap=   201.2 N=625 (0.8s)
A d=3 exact basic O=0 | iter= 39 Nhat= 1 w=1.000 lmax=  1.988 lmin=0.0116 kap=   171.3 N=2197 (2.8s)
A d=3 exact basic O=1 | iter= 29 Nhat= 8 w=1.000 lmax=  8.000 lmin=0.0544 kap=   147.2 N=2197 (3.2s)
A d=3 exact basic O=2 | iter= 38 Nhat=27 w=1.000 lmax= 27.000 lmin=0.1988 kap=   135.8 N=2197 (5.2s)
A d=3 exact basic O=3 | iter= 39 Nhat=27 w=1.000 lmax= 32.452 lmin=0.5429 kap=    59.8 N=2197 (8.9s)
A d=3 exact basic O=4 | iter= 21 Nhat=64 w=1.000 lmax= 64.000 lmin=2.3771 kap=    26.9 N=2197 (13.7s)
A d=3 exact sasm  O=0 | iter= 39 Nhat= 1 w=1.000 lmax=  1.988 lmin=0.0116 kap=   171.3 N=2197 (2.6s)
A d=3 exact sasm  O=1 | iter= 23 Nhat= 8 w=1.000 lmax=  1.630 lmin=0.0264 kap=    61.8 N=2197 (3.5s)
A d=3 exact sasm  O=2 | iter= 19 Nhat=27 w=1.000 lmax=  1.425 lmin=0.0394 kap=    36.2 N=2197 (4.8s)
A d=3 exact sasm  O=3 | iter= 17 Nhat=27 w=1.000 lmax=  1.444 lmin=0.0612 kap=    23.6 N=2197 (8.8s)
A d=3 exact sasm  O=4 | iter= 13 Nhat=64 w=1.000 lmax=  1.388 lmin=0.1201 kap=    11.6 N=2197 (14.2s)
A d=3 ic0   basic O=0 | iter= 41 Nhat= 1 w=1.185 lmax=  1.689 lmin=0.0083 kap=   204.0 N=2197 (10.3s)
A d=3 ic0   basic O=1 | iter= 54 Nhat= 8 w=1.188 lmax=  8.314 lmin=0.0236 kap=   353.0 N=2197 (7.6s)
A d=3 ic0   basic O=2 | iter= 64 Nhat=27 w=1.188 lmax= 27.131 lmin=0.0568 kap=   477.6 N=2197 (15.0s)
A d=3 ic0   basic O=3 | iter= 59 Nhat=27 w=1.188 lmax= 32.481 lmin=0.1177 kap=   275.9 N=2197 (52.1s)
A d=3 ic0   basic O=4 | iter= 50 Nhat=64 w=1.188 lmax= 66.788 lmin=0.2398 kap=   278.5 N=2197 (137.0s)
A d=3 ic0   sasm  O=0 | iter= 41 Nhat= 1 w=1.185 lmax=  1.689 lmin=0.0083 kap=   204.0 N=2197 (5.4s)
A d=3 ic0   sasm  O=1 | iter= 31 Nhat= 8 w=1.188 lmax=  1.252 lmin=0.0111 kap=   112.7 N=2197 (7.4s)
A d=3 ic0   sasm  O=2 | iter= 29 Nhat=27 w=1.188 lmax=  1.262 lmin=0.0120 kap=   104.9 N=2197 (14.7s)
A d=3 ic0   sasm  O=3 | iter= 28 Nhat=27 w=1.188 lmax=  1.272 lmin=0.0127 kap=   100.4 N=2197 (47.8s)
A d=3 ic0   sasm  O=4 | iter= 25 Nhat=64 w=1.188 lmax=  1.186 lmin=0.0139 kap=    85.5 N=2197 (124.9s)
  wrote /Users/tianhaoma/Downloads/cardioid-torso-v2.0-hpc-test-PODsolver/asm_bug_demo/dim_var/results/expA_dimensional_const.csv
