### build meshes
[build] casea_1D : N=4000 elems=3999 Ndir=2 nsub=8 (box=8, metis parts=8) Aniso=False ratio=1
[build] casea_2D : N=4900 elems=9522 Ndir=276 nsub=16 (box=16, metis parts=16) Aniso=False ratio=1
[build] casea_3D : N=8000 elems=48988 Ndir=2168 nsub=27 (box=27, metis parts=27) Aniso=False ratio=1
[build] caseb_2D : N=4900 elems=9522 Ndir=276 nsub=16 (box=16, metis parts=16) Aniso=True ratio=10
[build] caseb_3D : N=8000 elems=48988 Ndir=2168 nsub=27 (box=27, metis parts=27) Aniso=True ratio=7.58
[build] casec_1D : N=4000 elems=3999 Ndir=1 nsub=8 (box=8, metis parts=8) Aniso=False ratio=1
[build] casec_2D : N=4900 elems=9522 Ndir=70 nsub=16 (box=16, metis parts=16) Aniso=False ratio=1
[build] casec_3D : N=8000 elems=48988 Ndir=400 nsub=27 (box=27, metis parts=27) Aniso=False ratio=1
[build] cased_2D : N=4900 elems=9522 Ndir=70 nsub=16 (box=16, metis parts=16) Aniso=True ratio=10
[build] cased_3D : N=8000 elems=48988 Ndir=400 nsub=27 (box=27, metis parts=27) Aniso=True ratio=7.58
### solver sweeps
[RESULT] tag=casea_1D_box scheme=0 exact=0 iccL=0 overlap=0 nsub=8 | N=4000 iter=17 reason=2 lam_min=1.4621e-04 lam_max=1.9999e+00 kappa=1.3678e+04 Nhat=1 omega=1.0000 t_setup=0.0041 t_solve=0.0020
[RESULT] tag=casea_1D_box scheme=0 exact=0 iccL=0 overlap=1 nsub=8 | N=4000 iter=17 reason=2 lam_min=4.4680e-04 lam_max=2.0000e+00 kappa=4.4762e+03 Nhat=2 omega=1.0000 t_setup=0.0014 t_solve=0.0012
[RESULT] tag=casea_1D_box scheme=0 exact=0 iccL=0 overlap=2 nsub=8 | N=4000 iter=17 reason=2 lam_min=7.4987e-04 lam_max=2.0000e+00 kappa=2.6671e+03 Nhat=2 omega=1.0000 t_setup=0.0014 t_solve=0.0012
[RESULT] tag=casea_1D_box scheme=0 exact=0 iccL=0 overlap=3 nsub=8 | N=4000 iter=17 reason=2 lam_min=1.0663e-03 lam_max=2.0000e+00 kappa=1.8757e+03 Nhat=2 omega=1.0000 t_setup=0.0014 t_solve=0.0012
[RESULT] tag=casea_1D_box scheme=0 exact=0 iccL=0 overlap=4 nsub=8 | N=4000 iter=17 reason=2 lam_min=1.3673e-03 lam_max=2.0000e+00 kappa=1.4627e+03 Nhat=2 omega=1.0000 t_setup=0.0014 t_solve=0.0013
[RESULT] tag=casea_1D_box scheme=3 exact=0 iccL=0 overlap=0 nsub=8 | N=4000 iter=17 reason=2 lam_min=1.4621e-04 lam_max=1.9999e+00 kappa=1.3678e+04 Nhat=1 omega=1.0000 t_setup=0.0016 t_solve=0.0013
[RESULT] tag=casea_1D_box scheme=3 exact=0 iccL=0 overlap=1 nsub=8 | N=4000 iter=30 reason=2 lam_min=3.5433e-04 lam_max=2.2270e+00 kappa=6.2852e+03 Nhat=2 omega=1.0000 t_setup=0.0015 t_solve=0.0022
[RESULT] tag=casea_1D_box scheme=3 exact=0 iccL=0 overlap=2 nsub=8 | N=4000 iter=32 reason=2 lam_min=5.1827e-04 lam_max=2.5773e+00 kappa=4.9728e+03 Nhat=2 omega=1.0000 t_setup=0.0014 t_solve=0.0023
[RESULT] tag=casea_1D_box scheme=3 exact=0 iccL=0 overlap=3 nsub=8 | N=4000 iter=33 reason=2 lam_min=6.6264e-04 lam_max=2.8562e+00 kappa=4.3103e+03 Nhat=2 omega=1.0000 t_setup=0.0014 t_solve=0.0024
[RESULT] tag=casea_1D_box scheme=3 exact=0 iccL=0 overlap=4 nsub=8 | N=4000 iter=34 reason=2 lam_min=7.5683e-04 lam_max=3.0873e+00 kappa=4.0792e+03 Nhat=2 omega=1.0000 t_setup=0.0014 t_solve=0.0025
[RESULT] tag=casea_1D_metis scheme=0 exact=0 iccL=0 overlap=0 nsub=8 | N=4000 iter=17 reason=2 lam_min=1.4670e-04 lam_max=1.9999e+00 kappa=1.3632e+04 Nhat=1 omega=1.0000 t_setup=0.0013 t_solve=0.0012
[RESULT] tag=casea_1D_metis scheme=0 exact=0 iccL=0 overlap=1 nsub=8 | N=4000 iter=17 reason=2 lam_min=4.6124e-04 lam_max=2.0000e+00 kappa=4.3361e+03 Nhat=2 omega=1.0000 t_setup=0.0014 t_solve=0.0012
[RESULT] tag=casea_1D_metis scheme=0 exact=0 iccL=0 overlap=2 nsub=8 | N=4000 iter=17 reason=2 lam_min=7.6568e-04 lam_max=2.0000e+00 kappa=2.6120e+03 Nhat=2 omega=1.0000 t_setup=0.0015 t_solve=0.0012
[RESULT] tag=casea_1D_metis scheme=0 exact=0 iccL=0 overlap=3 nsub=8 | N=4000 iter=17 reason=2 lam_min=1.0661e-03 lam_max=2.0000e+00 kappa=1.8761e+03 Nhat=2 omega=1.0000 t_setup=0.0014 t_solve=0.0012
[RESULT] tag=casea_1D_metis scheme=0 exact=0 iccL=0 overlap=4 nsub=8 | N=4000 iter=17 reason=2 lam_min=1.3726e-03 lam_max=2.0000e+00 kappa=1.4571e+03 Nhat=2 omega=1.0000 t_setup=0.0014 t_solve=0.0012
[RESULT] tag=casea_1D_metis scheme=3 exact=0 iccL=0 overlap=0 nsub=8 | N=4000 iter=17 reason=2 lam_min=1.4670e-04 lam_max=1.9999e+00 kappa=1.3632e+04 Nhat=1 omega=1.0000 t_setup=0.0014 t_solve=0.0013
[RESULT] tag=casea_1D_metis scheme=3 exact=0 iccL=0 overlap=1 nsub=8 | N=4000 iter=29 reason=2 lam_min=3.6626e-04 lam_max=2.2433e+00 kappa=6.1250e+03 Nhat=2 omega=1.0000 t_setup=0.0015 t_solve=0.0022
[RESULT] tag=casea_1D_metis scheme=3 exact=0 iccL=0 overlap=2 nsub=8 | N=4000 iter=32 reason=2 lam_min=5.3312e-04 lam_max=2.5128e+00 kappa=4.7134e+03 Nhat=2 omega=1.0000 t_setup=0.0014 t_solve=0.0024
[RESULT] tag=casea_1D_metis scheme=3 exact=0 iccL=0 overlap=3 nsub=8 | N=4000 iter=33 reason=2 lam_min=6.5517e-04 lam_max=2.8570e+00 kappa=4.3607e+03 Nhat=2 omega=1.0000 t_setup=0.0015 t_solve=0.0024
[RESULT] tag=casea_1D_metis scheme=3 exact=0 iccL=0 overlap=4 nsub=8 | N=4000 iter=32 reason=2 lam_min=7.7047e-04 lam_max=2.9789e+00 kappa=3.8664e+03 Nhat=2 omega=1.0000 t_setup=0.0015 t_solve=0.0024
[RESULT] tag=casea_2D_box scheme=0 exact=0 iccL=0 overlap=0 nsub=16 | N=4900 iter=79 reason=2 lam_min=7.0762e-03 lam_max=1.7360e+00 kappa=2.4532e+02 Nhat=1 omega=1.2605 t_setup=0.0024 t_solve=0.0091
[RESULT] tag=casea_2D_box scheme=0 exact=0 iccL=0 overlap=1 nsub=16 | N=4900 iter=100 reason=2 lam_min=1.0139e-02 lam_max=4.0400e+00 kappa=3.9844e+02 Nhat=4 omega=1.2630 t_setup=0.0028 t_solve=0.0128
[RESULT] tag=casea_2D_box scheme=0 exact=0 iccL=0 overlap=2 nsub=16 | N=4900 iter=104 reason=2 lam_min=1.1746e-02 lam_max=4.7490e+00 kappa=4.0430e+02 Nhat=4 omega=1.2648 t_setup=0.0032 t_solve=0.0143
[RESULT] tag=casea_2D_box scheme=0 exact=0 iccL=0 overlap=3 nsub=16 | N=4900 iter=102 reason=2 lam_min=1.3437e-02 lam_max=4.9116e+00 kappa=3.6552e+02 Nhat=4 omega=1.2663 t_setup=0.0035 t_solve=0.0152
[RESULT] tag=casea_2D_box scheme=0 exact=0 iccL=0 overlap=4 nsub=16 | N=4900 iter=97 reason=2 lam_min=1.5353e-02 lam_max=5.0167e+00 kappa=3.2675e+02 Nhat=4 omega=1.2674 t_setup=0.0039 t_solve=0.0160
[RESULT] tag=casea_2D_box scheme=3 exact=0 iccL=0 overlap=0 nsub=16 | N=4900 iter=79 reason=2 lam_min=7.0762e-03 lam_max=1.7360e+00 kappa=2.4532e+02 Nhat=1 omega=1.2605 t_setup=0.0024 t_solve=0.0095
[RESULT] tag=casea_2D_box scheme=3 exact=0 iccL=0 overlap=1 nsub=16 | N=4900 iter=65 reason=2 lam_min=8.7659e-03 lam_max=1.3424e+00 kappa=1.5313e+02 Nhat=4 omega=1.2630 t_setup=0.0031 t_solve=0.0084
[RESULT] tag=casea_2D_box scheme=3 exact=0 iccL=0 overlap=2 nsub=16 | N=4900 iter=64 reason=2 lam_min=9.0195e-03 lam_max=1.3083e+00 kappa=1.4505e+02 Nhat=4 omega=1.2648 t_setup=0.0033 t_solve=0.0096
[RESULT] tag=casea_2D_box scheme=3 exact=0 iccL=0 overlap=3 nsub=16 | N=4900 iter=64 reason=2 lam_min=9.0997e-03 lam_max=1.3283e+00 kappa=1.4597e+02 Nhat=4 omega=1.2663 t_setup=0.0036 t_solve=0.0104
[RESULT] tag=casea_2D_box scheme=3 exact=0 iccL=0 overlap=4 nsub=16 | N=4900 iter=64 reason=2 lam_min=9.1134e-03 lam_max=1.3157e+00 kappa=1.4437e+02 Nhat=4 omega=1.2674 t_setup=0.0039 t_solve=0.0107
[RESULT] tag=casea_2D_metis scheme=0 exact=0 iccL=0 overlap=0 nsub=16 | N=4900 iter=90 reason=2 lam_min=6.5708e-03 lam_max=1.7300e+00 kappa=2.6328e+02 Nhat=1 omega=1.2664 t_setup=0.0025 t_solve=0.0101
[RESULT] tag=casea_2D_metis scheme=0 exact=0 iccL=0 overlap=1 nsub=16 | N=4900 iter=92 reason=2 lam_min=9.8478e-03 lam_max=3.2594e+00 kappa=3.3098e+02 Nhat=3 omega=1.2677 t_setup=0.0029 t_solve=0.0115
[RESULT] tag=casea_2D_metis scheme=0 exact=0 iccL=0 overlap=2 nsub=16 | N=4900 iter=98 reason=2 lam_min=1.1742e-02 lam_max=4.1523e+00 kappa=3.5364e+02 Nhat=4 omega=1.2689 t_setup=0.0034 t_solve=0.0137
[RESULT] tag=casea_2D_metis scheme=0 exact=0 iccL=0 overlap=3 nsub=16 | N=4900 iter=99 reason=2 lam_min=1.3769e-02 lam_max=4.6256e+00 kappa=3.3593e+02 Nhat=4 omega=1.2695 t_setup=0.0037 t_solve=0.0153
[RESULT] tag=casea_2D_metis scheme=0 exact=0 iccL=0 overlap=4 nsub=16 | N=4900 iter=95 reason=2 lam_min=1.6336e-02 lam_max=4.7553e+00 kappa=2.9110e+02 Nhat=4 omega=1.2698 t_setup=0.0043 t_solve=0.0162
[RESULT] tag=casea_2D_metis scheme=3 exact=0 iccL=0 overlap=0 nsub=16 | N=4900 iter=90 reason=2 lam_min=6.5708e-03 lam_max=1.7300e+00 kappa=2.6328e+02 Nhat=1 omega=1.2664 t_setup=0.0026 t_solve=0.0107
[RESULT] tag=casea_2D_metis scheme=3 exact=0 iccL=0 overlap=1 nsub=16 | N=4900 iter=69 reason=2 lam_min=8.5208e-03 lam_max=1.3817e+00 kappa=1.6216e+02 Nhat=3 omega=1.2677 t_setup=0.0030 t_solve=0.0090
[RESULT] tag=casea_2D_metis scheme=3 exact=0 iccL=0 overlap=2 nsub=16 | N=4900 iter=68 reason=2 lam_min=8.8210e-03 lam_max=1.3788e+00 kappa=1.5631e+02 Nhat=4 omega=1.2689 t_setup=0.0035 t_solve=0.0098
[RESULT] tag=casea_2D_metis scheme=3 exact=0 iccL=0 overlap=3 nsub=16 | N=4900 iter=67 reason=2 lam_min=8.8848e-03 lam_max=1.3775e+00 kappa=1.5504e+02 Nhat=4 omega=1.2695 t_setup=0.0037 t_solve=0.0108
[RESULT] tag=casea_2D_metis scheme=3 exact=0 iccL=0 overlap=4 nsub=16 | N=4900 iter=67 reason=2 lam_min=8.9155e-03 lam_max=1.3911e+00 kappa=1.5603e+02 Nhat=4 omega=1.2698 t_setup=0.0042 t_solve=0.0119
[RESULT] tag=casea_3D_box scheme=0 exact=0 iccL=0 overlap=0 nsub=27 | N=8000 iter=52 reason=2 lam_min=4.5243e-02 lam_max=2.5589e+00 kappa=5.6560e+01 Nhat=1 omega=2.0064 t_setup=0.0052 t_solve=0.0130
[RESULT] tag=casea_3D_box scheme=0 exact=0 iccL=0 overlap=1 nsub=27 | N=8000 iter=54 reason=2 lam_min=1.2366e-01 lam_max=8.0537e+00 kappa=6.5129e+01 Nhat=8 omega=2.0266 t_setup=0.0078 t_solve=0.0198
[RESULT] tag=casea_3D_box scheme=0 exact=0 iccL=0 overlap=2 nsub=27 | N=8000 iter=46 reason=2 lam_min=2.1819e-01 lam_max=9.6186e+00 kappa=4.4083e+01 Nhat=8 omega=2.0277 t_setup=0.0121 t_solve=0.0243
[RESULT] tag=casea_3D_box scheme=0 exact=0 iccL=0 overlap=3 nsub=27 | N=8000 iter=38 reason=2 lam_min=4.4005e-01 lam_max=1.1335e+01 kappa=2.5758e+01 Nhat=8 omega=2.0278 t_setup=0.0176 t_solve=0.0277
[RESULT] tag=casea_3D_box scheme=0 exact=0 iccL=0 overlap=4 nsub=27 | N=8000 iter=44 reason=2 lam_min=7.2014e-01 lam_max=2.1097e+01 kappa=2.9296e+01 Nhat=20 omega=2.0280 t_setup=0.0247 t_solve=0.0436
[RESULT] tag=casea_3D_box scheme=3 exact=0 iccL=0 overlap=0 nsub=27 | N=8000 iter=52 reason=2 lam_min=4.5243e-02 lam_max=2.5589e+00 kappa=5.6560e+01 Nhat=1 omega=2.0064 t_setup=0.0053 t_solve=0.0137
[RESULT] tag=casea_3D_box scheme=3 exact=0 iccL=0 overlap=1 nsub=27 | N=8000 iter=31 reason=2 lam_min=7.1926e-02 lam_max=2.0704e+00 kappa=2.8786e+01 Nhat=8 omega=2.0266 t_setup=0.0079 t_solve=0.0120
[RESULT] tag=casea_3D_box scheme=3 exact=0 iccL=0 overlap=2 nsub=27 | N=8000 iter=32 reason=2 lam_min=7.7829e-02 lam_max=2.6290e+00 kappa=3.3779e+01 Nhat=8 omega=2.0277 t_setup=0.0119 t_solve=0.0179
[RESULT] tag=casea_3D_box scheme=3 exact=0 iccL=0 overlap=3 nsub=27 | N=8000 iter=29 reason=2 lam_min=7.9923e-02 lam_max=1.8752e+00 kappa=2.3462e+01 Nhat=8 omega=2.0278 t_setup=0.0177 t_solve=0.0217
[RESULT] tag=casea_3D_box scheme=3 exact=0 iccL=0 overlap=4 nsub=27 | N=8000 iter=30 reason=2 lam_min=8.8747e-02 lam_max=2.3412e+00 kappa=2.6380e+01 Nhat=20 omega=2.0280 t_setup=0.0252 t_solve=0.0305
[RESULT] tag=casea_3D_metis scheme=0 exact=0 iccL=0 overlap=0 nsub=27 | N=8000 iter=52 reason=2 lam_min=3.6124e-02 lam_max=2.5540e+00 kappa=7.0701e+01 Nhat=1 omega=2.0157 t_setup=0.0053 t_solve=0.0132
[RESULT] tag=casea_3D_metis scheme=0 exact=0 iccL=0 overlap=1 nsub=27 | N=8000 iter=44 reason=2 lam_min=1.2304e-01 lam_max=5.3272e+00 kappa=4.3295e+01 Nhat=5 omega=2.0274 t_setup=0.0084 t_solve=0.0169
[RESULT] tag=casea_3D_metis scheme=0 exact=0 iccL=0 overlap=2 nsub=27 | N=8000 iter=41 reason=2 lam_min=2.4973e-01 lam_max=7.8374e+00 kappa=3.1384e+01 Nhat=7 omega=2.0278 t_setup=0.0123 t_solve=0.0221
[RESULT] tag=casea_3D_metis scheme=0 exact=0 iccL=0 overlap=3 nsub=27 | N=8000 iter=39 reason=2 lam_min=4.6945e-01 lam_max=1.2160e+01 kappa=2.5903e+01 Nhat=12 omega=2.0278 t_setup=0.0182 t_solve=0.0291
[RESULT] tag=casea_3D_metis scheme=0 exact=0 iccL=0 overlap=4 nsub=27 | N=8000 iter=36 reason=2 lam_min=7.2402e-01 lam_max=1.5469e+01 kappa=2.1366e+01 Nhat=14 omega=2.0278 t_setup=0.0248 t_solve=0.0358
[RESULT] tag=casea_3D_metis scheme=3 exact=0 iccL=0 overlap=0 nsub=27 | N=8000 iter=52 reason=2 lam_min=3.6124e-02 lam_max=2.5540e+00 kappa=7.0701e+01 Nhat=1 omega=2.0157 t_setup=0.0052 t_solve=0.0139
[RESULT] tag=casea_3D_metis scheme=3 exact=0 iccL=0 overlap=1 nsub=27 | N=8000 iter=35 reason=2 lam_min=6.8738e-02 lam_max=2.7141e+00 kappa=3.9485e+01 Nhat=5 omega=2.0274 t_setup=0.0081 t_solve=0.0134
[RESULT] tag=casea_3D_metis scheme=3 exact=0 iccL=0 overlap=2 nsub=27 | N=8000 iter=32 reason=2 lam_min=7.5336e-02 lam_max=2.5675e+00 kappa=3.4081e+01 Nhat=7 omega=2.0278 t_setup=0.0124 t_solve=0.0176
[RESULT] tag=casea_3D_metis scheme=3 exact=0 iccL=0 overlap=3 nsub=27 | N=8000 iter=29 reason=2 lam_min=8.3689e-02 lam_max=2.0049e+00 kappa=2.3956e+01 Nhat=12 omega=2.0278 t_setup=0.0182 t_solve=0.0225
[RESULT] tag=casea_3D_metis scheme=3 exact=0 iccL=0 overlap=4 nsub=27 | N=8000 iter=28 reason=2 lam_min=8.9978e-02 lam_max=2.3421e+00 kappa=2.6030e+01 Nhat=14 omega=2.0278 t_setup=0.0249 t_solve=0.0284
[RESULT] tag=caseb_2D_box scheme=0 exact=0 iccL=0 overlap=0 nsub=16 | N=4900 iter=85 reason=2 lam_min=1.1178e-02 lam_max=1.8702e+00 kappa=1.6731e+02 Nhat=1 omega=1.3664 t_setup=0.0025 t_solve=0.0094
[RESULT] tag=caseb_2D_box scheme=0 exact=0 iccL=0 overlap=1 nsub=16 | N=4900 iter=87 reason=2 lam_min=2.1057e-02 lam_max=4.0453e+00 kappa=1.9211e+02 Nhat=4 omega=1.3698 t_setup=0.0029 t_solve=0.0108
[RESULT] tag=caseb_2D_box scheme=0 exact=0 iccL=0 overlap=2 nsub=16 | N=4900 iter=86 reason=2 lam_min=2.6255e-02 lam_max=4.6233e+00 kappa=1.7609e+02 Nhat=4 omega=1.3738 t_setup=0.0032 t_solve=0.0118
[RESULT] tag=caseb_2D_box scheme=0 exact=0 iccL=0 overlap=3 nsub=16 | N=4900 iter=83 reason=2 lam_min=3.1056e-02 lam_max=4.9737e+00 kappa=1.6015e+02 Nhat=4 omega=1.3763 t_setup=0.0036 t_solve=0.0123
[RESULT] tag=caseb_2D_box scheme=0 exact=0 iccL=0 overlap=4 nsub=16 | N=4900 iter=79 reason=2 lam_min=3.5891e-02 lam_max=5.1874e+00 kappa=1.4453e+02 Nhat=4 omega=1.3779 t_setup=0.0039 t_solve=0.0130
[RESULT] tag=caseb_2D_box scheme=3 exact=0 iccL=0 overlap=0 nsub=16 | N=4900 iter=85 reason=2 lam_min=1.1178e-02 lam_max=1.8702e+00 kappa=1.6731e+02 Nhat=1 omega=1.3664 t_setup=0.0025 t_solve=0.0098
[RESULT] tag=caseb_2D_box scheme=3 exact=0 iccL=0 overlap=1 nsub=16 | N=4900 iter=61 reason=2 lam_min=1.7565e-02 lam_max=1.5745e+00 kappa=8.9642e+01 Nhat=4 omega=1.3698 t_setup=0.0028 t_solve=0.0082
[RESULT] tag=caseb_2D_box scheme=3 exact=0 iccL=0 overlap=2 nsub=16 | N=4900 iter=58 reason=2 lam_min=1.9480e-02 lam_max=1.5083e+00 kappa=7.7429e+01 Nhat=4 omega=1.3738 t_setup=0.0032 t_solve=0.0085
[RESULT] tag=caseb_2D_box scheme=3 exact=0 iccL=0 overlap=3 nsub=16 | N=4900 iter=56 reason=2 lam_min=2.0462e-02 lam_max=1.4960e+00 kappa=7.3110e+01 Nhat=4 omega=1.3763 t_setup=0.0038 t_solve=0.0092
[RESULT] tag=caseb_2D_box scheme=3 exact=0 iccL=0 overlap=4 nsub=16 | N=4900 iter=56 reason=2 lam_min=2.0845e-02 lam_max=1.4832e+00 kappa=7.1154e+01 Nhat=4 omega=1.3779 t_setup=0.0040 t_solve=0.0096
[RESULT] tag=caseb_2D_metis scheme=0 exact=0 iccL=0 overlap=0 nsub=16 | N=4900 iter=94 reason=2 lam_min=9.5010e-03 lam_max=1.8837e+00 kappa=1.9827e+02 Nhat=1 omega=1.3742 t_setup=0.0025 t_solve=0.0106
[RESULT] tag=caseb_2D_metis scheme=0 exact=0 iccL=0 overlap=1 nsub=16 | N=4900 iter=81 reason=2 lam_min=1.9753e-02 lam_max=3.5679e+00 kappa=1.8063e+02 Nhat=3 omega=1.3776 t_setup=0.0028 t_solve=0.0106
[RESULT] tag=caseb_2D_metis scheme=0 exact=0 iccL=0 overlap=2 nsub=16 | N=4900 iter=81 reason=2 lam_min=2.5770e-02 lam_max=4.0237e+00 kappa=1.5614e+02 Nhat=4 omega=1.3789 t_setup=0.0033 t_solve=0.0111
[RESULT] tag=caseb_2D_metis scheme=0 exact=0 iccL=0 overlap=3 nsub=16 | N=4900 iter=80 reason=2 lam_min=3.1156e-02 lam_max=4.4540e+00 kappa=1.4296e+02 Nhat=4 omega=1.3795 t_setup=0.0038 t_solve=0.0124
[RESULT] tag=caseb_2D_metis scheme=0 exact=0 iccL=0 overlap=4 nsub=16 | N=4900 iter=76 reason=2 lam_min=3.7210e-02 lam_max=4.6585e+00 kappa=1.2519e+02 Nhat=4 omega=1.3794 t_setup=0.0041 t_solve=0.0129
[RESULT] tag=caseb_2D_metis scheme=3 exact=0 iccL=0 overlap=0 nsub=16 | N=4900 iter=94 reason=2 lam_min=9.5010e-03 lam_max=1.8837e+00 kappa=1.9827e+02 Nhat=1 omega=1.3742 t_setup=0.0026 t_solve=0.0113
[RESULT] tag=caseb_2D_metis scheme=3 exact=0 iccL=0 overlap=1 nsub=16 | N=4900 iter=67 reason=2 lam_min=1.6375e-02 lam_max=1.6759e+00 kappa=1.0235e+02 Nhat=3 omega=1.3776 t_setup=0.0031 t_solve=0.0088
[RESULT] tag=caseb_2D_metis scheme=3 exact=0 iccL=0 overlap=2 nsub=16 | N=4900 iter=62 reason=2 lam_min=1.8565e-02 lam_max=1.6717e+00 kappa=9.0045e+01 Nhat=4 omega=1.3789 t_setup=0.0034 t_solve=0.0090
[RESULT] tag=caseb_2D_metis scheme=3 exact=0 iccL=0 overlap=3 nsub=16 | N=4900 iter=61 reason=2 lam_min=1.9381e-02 lam_max=1.6980e+00 kappa=8.7609e+01 Nhat=4 omega=1.3795 t_setup=0.0039 t_solve=0.0099
[RESULT] tag=caseb_2D_metis scheme=3 exact=0 iccL=0 overlap=4 nsub=16 | N=4900 iter=59 reason=2 lam_min=1.9774e-02 lam_max=1.6417e+00 kappa=8.3021e+01 Nhat=4 omega=1.3794 t_setup=0.0042 t_solve=0.0105
[RESULT] tag=caseb_3D_box scheme=0 exact=0 iccL=0 overlap=0 nsub=27 | N=8000 iter=68 reason=2 lam_min=1.6777e-02 lam_max=2.9996e+00 kappa=1.7880e+02 Nhat=1 omega=1.5326 t_setup=0.0051 t_solve=0.0170
[RESULT] tag=caseb_3D_box scheme=0 exact=0 iccL=0 overlap=1 nsub=27 | N=8000 iter=60 reason=2 lam_min=1.4299e-01 lam_max=8.1234e+00 kappa=5.6812e+01 Nhat=8 omega=1.5709 t_setup=0.0079 t_solve=0.0220
[RESULT] tag=caseb_3D_box scheme=0 exact=0 iccL=0 overlap=2 nsub=27 | N=8000 iter=52 reason=2 lam_min=2.5163e-01 lam_max=1.0105e+01 kappa=4.0156e+01 Nhat=8 omega=1.5869 t_setup=0.0120 t_solve=0.0271
[RESULT] tag=caseb_3D_box scheme=0 exact=0 iccL=0 overlap=3 nsub=27 | N=8000 iter=44 reason=2 lam_min=4.7113e-01 lam_max=1.1687e+01 kappa=2.4806e+01 Nhat=8 omega=1.5936 t_setup=0.0176 t_solve=0.0320
[RESULT] tag=caseb_3D_box scheme=0 exact=0 iccL=0 overlap=4 nsub=27 | N=8000 iter=47 reason=2 lam_min=7.1116e-01 lam_max=2.0807e+01 kappa=2.9257e+01 Nhat=20 omega=1.5956 t_setup=0.0249 t_solve=0.0466
[RESULT] tag=caseb_3D_box scheme=3 exact=0 iccL=0 overlap=0 nsub=27 | N=8000 iter=68 reason=2 lam_min=1.6777e-02 lam_max=2.9996e+00 kappa=1.7880e+02 Nhat=1 omega=1.5326 t_setup=0.0051 t_solve=0.0179
[RESULT] tag=caseb_3D_box scheme=3 exact=0 iccL=0 overlap=1 nsub=27 | N=8000 iter=38 reason=2 lam_min=8.3378e-02 lam_max=3.1337e+00 kappa=3.7585e+01 Nhat=8 omega=1.5709 t_setup=0.0083 t_solve=0.0148
[RESULT] tag=caseb_3D_box scheme=3 exact=0 iccL=0 overlap=2 nsub=27 | N=8000 iter=37 reason=2 lam_min=9.4432e-02 lam_max=4.4874e+00 kappa=4.7519e+01 Nhat=8 omega=1.5869 t_setup=0.0120 t_solve=0.0199
[RESULT] tag=caseb_3D_box scheme=3 exact=0 iccL=0 overlap=3 nsub=27 | N=8000 iter=33 reason=2 lam_min=9.9040e-02 lam_max=1.8830e+00 kappa=1.9013e+01 Nhat=8 omega=1.5936 t_setup=0.0177 t_solve=0.0246
[RESULT] tag=caseb_3D_box scheme=3 exact=0 iccL=0 overlap=4 nsub=27 | N=8000 iter=31 reason=2 lam_min=1.1123e-01 lam_max=2.1100e+00 kappa=1.8969e+01 Nhat=20 omega=1.5956 t_setup=0.0249 t_solve=0.0316
[RESULT] tag=caseb_3D_metis scheme=0 exact=0 iccL=0 overlap=0 nsub=27 | N=8000 iter=63 reason=2 lam_min=3.8380e-02 lam_max=2.8286e+00 kappa=7.3701e+01 Nhat=1 omega=1.5636 t_setup=0.0052 t_solve=0.0165
[RESULT] tag=caseb_3D_metis scheme=0 exact=0 iccL=0 overlap=1 nsub=27 | N=8000 iter=48 reason=2 lam_min=1.4906e-01 lam_max=5.3963e+00 kappa=3.6202e+01 Nhat=5 omega=1.5817 t_setup=0.0081 t_solve=0.0185
[RESULT] tag=caseb_3D_metis scheme=0 exact=0 iccL=0 overlap=2 nsub=27 | N=8000 iter=45 reason=2 lam_min=2.9658e-01 lam_max=8.2789e+00 kappa=2.7915e+01 Nhat=7 omega=1.5927 t_setup=0.0123 t_solve=0.0240
[RESULT] tag=caseb_3D_metis scheme=0 exact=0 iccL=0 overlap=3 nsub=27 | N=8000 iter=43 reason=2 lam_min=5.2365e-01 lam_max=1.2552e+01 kappa=2.3969e+01 Nhat=12 omega=1.5954 t_setup=0.0182 t_solve=0.0319
[RESULT] tag=caseb_3D_metis scheme=0 exact=0 iccL=0 overlap=4 nsub=27 | N=8000 iter=40 reason=2 lam_min=8.0649e-01 lam_max=1.6799e+01 kappa=2.0830e+01 Nhat=14 omega=1.5963 t_setup=0.0249 t_solve=0.0397
[RESULT] tag=caseb_3D_metis scheme=3 exact=0 iccL=0 overlap=0 nsub=27 | N=8000 iter=63 reason=2 lam_min=3.8380e-02 lam_max=2.8286e+00 kappa=7.3701e+01 Nhat=1 omega=1.5636 t_setup=0.0052 t_solve=0.0170
[RESULT] tag=caseb_3D_metis scheme=3 exact=0 iccL=0 overlap=1 nsub=27 | N=8000 iter=40 reason=2 lam_min=8.2057e-02 lam_max=4.4988e+00 kappa=5.4825e+01 Nhat=5 omega=1.5817 t_setup=0.0082 t_solve=0.0154
[RESULT] tag=caseb_3D_metis scheme=3 exact=0 iccL=0 overlap=2 nsub=27 | N=8000 iter=36 reason=2 lam_min=9.3065e-02 lam_max=4.1081e+00 kappa=4.4142e+01 Nhat=7 omega=1.5927 t_setup=0.0124 t_solve=0.0199
[RESULT] tag=caseb_3D_metis scheme=3 exact=0 iccL=0 overlap=3 nsub=27 | N=8000 iter=31 reason=2 lam_min=1.0541e-01 lam_max=1.7180e+00 kappa=1.6298e+01 Nhat=12 omega=1.5954 t_setup=0.0192 t_solve=0.0249
[RESULT] tag=caseb_3D_metis scheme=3 exact=0 iccL=0 overlap=4 nsub=27 | N=8000 iter=30 reason=2 lam_min=1.1498e-01 lam_max=1.7417e+00 kappa=1.5149e+01 Nhat=14 omega=1.5963 t_setup=0.0256 t_solve=0.0321
[RESULT] tag=casec_1D_box scheme=0 exact=0 iccL=0 overlap=0 nsub=8 | N=4000 iter=17 reason=2 lam_min=4.0741e-05 lam_max=2.0000e+00 kappa=4.9089e+04 Nhat=1 omega=1.0000 t_setup=0.0013 t_solve=0.0013
[RESULT] tag=casec_1D_box scheme=0 exact=0 iccL=0 overlap=1 nsub=8 | N=4000 iter=17 reason=2 lam_min=1.2979e-04 lam_max=2.0000e+00 kappa=1.5409e+04 Nhat=2 omega=1.0000 t_setup=0.0014 t_solve=0.0013
[RESULT] tag=casec_1D_box scheme=0 exact=0 iccL=0 overlap=2 nsub=8 | N=4000 iter=17 reason=2 lam_min=2.1638e-04 lam_max=2.0000e+00 kappa=9.2429e+03 Nhat=2 omega=1.0000 t_setup=0.0015 t_solve=0.0012
[RESULT] tag=casec_1D_box scheme=0 exact=0 iccL=0 overlap=3 nsub=8 | N=4000 iter=17 reason=2 lam_min=3.0325e-04 lam_max=2.0000e+00 kappa=6.5953e+03 Nhat=2 omega=1.0000 t_setup=0.0014 t_solve=0.0012
[RESULT] tag=casec_1D_box scheme=0 exact=0 iccL=0 overlap=4 nsub=8 | N=4000 iter=17 reason=2 lam_min=3.9326e-04 lam_max=2.0000e+00 kappa=5.0857e+03 Nhat=2 omega=1.0000 t_setup=0.0014 t_solve=0.0012
[RESULT] tag=casec_1D_box scheme=3 exact=0 iccL=0 overlap=0 nsub=8 | N=4000 iter=17 reason=2 lam_min=4.0741e-05 lam_max=2.0000e+00 kappa=4.9089e+04 Nhat=1 omega=1.0000 t_setup=0.0017 t_solve=0.0014
[RESULT] tag=casec_1D_box scheme=3 exact=0 iccL=0 overlap=1 nsub=8 | N=4000 iter=30 reason=2 lam_min=1.0345e-04 lam_max=2.2270e+00 kappa=2.1527e+04 Nhat=2 omega=1.0000 t_setup=0.0024 t_solve=0.0026
[RESULT] tag=casec_1D_box scheme=3 exact=0 iccL=0 overlap=2 nsub=8 | N=4000 iter=33 reason=2 lam_min=1.4945e-04 lam_max=2.5773e+00 kappa=1.7245e+04 Nhat=2 omega=1.0000 t_setup=0.0015 t_solve=0.0025
[RESULT] tag=casec_1D_box scheme=3 exact=0 iccL=0 overlap=3 nsub=8 | N=4000 iter=35 reason=2 lam_min=1.8569e-04 lam_max=2.8562e+00 kappa=1.5381e+04 Nhat=2 omega=1.0000 t_setup=0.0016 t_solve=0.0031
[RESULT] tag=casec_1D_box scheme=3 exact=0 iccL=0 overlap=4 nsub=8 | N=4000 iter=35 reason=2 lam_min=2.2044e-04 lam_max=3.0873e+00 kappa=1.4005e+04 Nhat=2 omega=1.0000 t_setup=0.0016 t_solve=0.0025
[RESULT] tag=casec_1D_metis scheme=0 exact=0 iccL=0 overlap=0 nsub=8 | N=4000 iter=17 reason=2 lam_min=4.9606e-05 lam_max=2.0000e+00 kappa=4.0317e+04 Nhat=1 omega=1.0000 t_setup=0.0054 t_solve=0.0016
[RESULT] tag=casec_1D_metis scheme=0 exact=0 iccL=0 overlap=1 nsub=8 | N=4000 iter=17 reason=2 lam_min=1.2965e-04 lam_max=2.0000e+00 kappa=1.5426e+04 Nhat=2 omega=1.0000 t_setup=0.0015 t_solve=0.0012
[RESULT] tag=casec_1D_metis scheme=0 exact=0 iccL=0 overlap=2 nsub=8 | N=4000 iter=17 reason=2 lam_min=2.1778e-04 lam_max=2.0000e+00 kappa=9.1837e+03 Nhat=2 omega=1.0000 t_setup=0.0014 t_solve=0.0012
[RESULT] tag=casec_1D_metis scheme=0 exact=0 iccL=0 overlap=3 nsub=8 | N=4000 iter=17 reason=2 lam_min=3.0746e-04 lam_max=2.0000e+00 kappa=6.5048e+03 Nhat=2 omega=1.0000 t_setup=0.0017 t_solve=0.0012
[RESULT] tag=casec_1D_metis scheme=0 exact=0 iccL=0 overlap=4 nsub=8 | N=4000 iter=17 reason=2 lam_min=3.9168e-04 lam_max=2.0000e+00 kappa=5.1063e+03 Nhat=2 omega=1.0000 t_setup=0.0015 t_solve=0.0013
[RESULT] tag=casec_1D_metis scheme=3 exact=0 iccL=0 overlap=0 nsub=8 | N=4000 iter=17 reason=2 lam_min=4.9606e-05 lam_max=2.0000e+00 kappa=4.0317e+04 Nhat=1 omega=1.0000 t_setup=0.0014 t_solve=0.0013
[RESULT] tag=casec_1D_metis scheme=3 exact=0 iccL=0 overlap=1 nsub=8 | N=4000 iter=31 reason=2 lam_min=1.0102e-04 lam_max=2.2707e+00 kappa=2.2478e+04 Nhat=2 omega=1.0000 t_setup=0.0016 t_solve=0.0023
[RESULT] tag=casec_1D_metis scheme=3 exact=0 iccL=0 overlap=2 nsub=8 | N=4000 iter=32 reason=2 lam_min=1.5165e-04 lam_max=2.5111e+00 kappa=1.6558e+04 Nhat=2 omega=1.0000 t_setup=0.0014 t_solve=0.0023
[RESULT] tag=casec_1D_metis scheme=3 exact=0 iccL=0 overlap=3 nsub=8 | N=4000 iter=33 reason=2 lam_min=1.9244e-04 lam_max=2.7594e+00 kappa=1.4339e+04 Nhat=2 omega=1.0000 t_setup=0.0015 t_solve=0.0024
[RESULT] tag=casec_1D_metis scheme=3 exact=0 iccL=0 overlap=4 nsub=8 | N=4000 iter=34 reason=2 lam_min=2.1560e-04 lam_max=3.1115e+00 kappa=1.4432e+04 Nhat=2 omega=1.0000 t_setup=0.0015 t_solve=0.0024
[RESULT] tag=casec_2D_box scheme=0 exact=0 iccL=0 overlap=0 nsub=16 | N=4900 iter=119 reason=2 lam_min=9.7657e-04 lam_max=1.7360e+00 kappa=1.7776e+03 Nhat=1 omega=1.3006 t_setup=0.0026 t_solve=0.0143
[RESULT] tag=casec_2D_box scheme=0 exact=0 iccL=0 overlap=1 nsub=16 | N=4900 iter=146 reason=2 lam_min=1.2859e-03 lam_max=4.0400e+00 kappa=3.1419e+03 Nhat=4 omega=1.3006 t_setup=0.0031 t_solve=0.0198
[RESULT] tag=casec_2D_box scheme=0 exact=0 iccL=0 overlap=2 nsub=16 | N=4900 iter=158 reason=2 lam_min=1.4365e-03 lam_max=4.7490e+00 kappa=3.3060e+03 Nhat=4 omega=1.3006 t_setup=0.0034 t_solve=0.0230
[RESULT] tag=casec_2D_box scheme=0 exact=0 iccL=0 overlap=3 nsub=16 | N=4900 iter=159 reason=2 lam_min=1.5860e-03 lam_max=4.9116e+00 kappa=3.0968e+03 Nhat=4 omega=1.3006 t_setup=0.0038 t_solve=0.0257
[RESULT] tag=casec_2D_box scheme=0 exact=0 iccL=0 overlap=4 nsub=16 | N=4900 iter=156 reason=2 lam_min=1.7510e-03 lam_max=5.0167e+00 kappa=2.8651e+03 Nhat=4 omega=1.3006 t_setup=0.0040 t_solve=0.0270
[RESULT] tag=casec_2D_box scheme=3 exact=0 iccL=0 overlap=0 nsub=16 | N=4900 iter=119 reason=2 lam_min=9.7657e-04 lam_max=1.7360e+00 kappa=1.7776e+03 Nhat=1 omega=1.3006 t_setup=0.0026 t_solve=0.0149
[RESULT] tag=casec_2D_box scheme=3 exact=0 iccL=0 overlap=1 nsub=16 | N=4900 iter=95 reason=2 lam_min=1.1536e-03 lam_max=1.3424e+00 kappa=1.1637e+03 Nhat=4 omega=1.3006 t_setup=0.0031 t_solve=0.0132
[RESULT] tag=casec_2D_box scheme=3 exact=0 iccL=0 overlap=2 nsub=16 | N=4900 iter=95 reason=2 lam_min=1.1796e-03 lam_max=1.3367e+00 kappa=1.1332e+03 Nhat=4 omega=1.3006 t_setup=0.0035 t_solve=0.0149
[RESULT] tag=casec_2D_box scheme=3 exact=0 iccL=0 overlap=3 nsub=16 | N=4900 iter=95 reason=2 lam_min=1.1856e-03 lam_max=1.3283e+00 kappa=1.1204e+03 Nhat=4 omega=1.3006 t_setup=0.0039 t_solve=0.0161
[RESULT] tag=casec_2D_box scheme=3 exact=0 iccL=0 overlap=4 nsub=16 | N=4900 iter=95 reason=2 lam_min=1.1865e-03 lam_max=1.3358e+00 kappa=1.1259e+03 Nhat=4 omega=1.3006 t_setup=0.0040 t_solve=0.0173
[RESULT] tag=casec_2D_metis scheme=0 exact=0 iccL=0 overlap=0 nsub=16 | N=4900 iter=126 reason=2 lam_min=9.2659e-04 lam_max=1.7348e+00 kappa=1.8722e+03 Nhat=1 omega=1.3006 t_setup=0.0025 t_solve=0.0154
[RESULT] tag=casec_2D_metis scheme=0 exact=0 iccL=0 overlap=1 nsub=16 | N=4900 iter=134 reason=2 lam_min=1.2673e-03 lam_max=3.1051e+00 kappa=2.4502e+03 Nhat=3 omega=1.3006 t_setup=0.0031 t_solve=0.0190
[RESULT] tag=casec_2D_metis scheme=0 exact=0 iccL=0 overlap=2 nsub=16 | N=4900 iter=148 reason=2 lam_min=1.4520e-03 lam_max=4.1767e+00 kappa=2.8766e+03 Nhat=4 omega=1.3006 t_setup=0.0035 t_solve=0.0226
[RESULT] tag=casec_2D_metis scheme=0 exact=0 iccL=0 overlap=3 nsub=16 | N=4900 iter=155 reason=2 lam_min=1.6318e-03 lam_max=4.5744e+00 kappa=2.8032e+03 Nhat=4 omega=1.3006 t_setup=0.0038 t_solve=0.0255
[RESULT] tag=casec_2D_metis scheme=0 exact=0 iccL=0 overlap=4 nsub=16 | N=4900 iter=150 reason=2 lam_min=1.8422e-03 lam_max=4.7486e+00 kappa=2.5777e+03 Nhat=4 omega=1.3006 t_setup=0.0043 t_solve=0.0274
[RESULT] tag=casec_2D_metis scheme=3 exact=0 iccL=0 overlap=0 nsub=16 | N=4900 iter=126 reason=2 lam_min=9.2659e-04 lam_max=1.7348e+00 kappa=1.8722e+03 Nhat=1 omega=1.3006 t_setup=0.0027 t_solve=0.0156
[RESULT] tag=casec_2D_metis scheme=3 exact=0 iccL=0 overlap=1 nsub=16 | N=4900 iter=101 reason=2 lam_min=1.1302e-03 lam_max=1.3965e+00 kappa=1.2356e+03 Nhat=3 omega=1.3006 t_setup=0.0030 t_solve=0.0143
[RESULT] tag=casec_2D_metis scheme=3 exact=0 iccL=0 overlap=2 nsub=16 | N=4900 iter=99 reason=2 lam_min=1.1622e-03 lam_max=1.3908e+00 kappa=1.1967e+03 Nhat=4 omega=1.3006 t_setup=0.0035 t_solve=0.0156
[RESULT] tag=casec_2D_metis scheme=3 exact=0 iccL=0 overlap=3 nsub=16 | N=4900 iter=99 reason=2 lam_min=1.1677e-03 lam_max=1.4002e+00 kappa=1.1992e+03 Nhat=4 omega=1.3006 t_setup=0.0039 t_solve=0.0169
[RESULT] tag=casec_2D_metis scheme=3 exact=0 iccL=0 overlap=4 nsub=16 | N=4900 iter=99 reason=2 lam_min=1.1698e-03 lam_max=1.4293e+00 kappa=1.2218e+03 Nhat=4 omega=1.3006 t_setup=0.0046 t_solve=0.0182
[RESULT] tag=casec_3D_box scheme=0 exact=0 iccL=0 overlap=0 nsub=27 | N=8000 iter=81 reason=2 lam_min=5.2984e-03 lam_max=3.9158e+00 kappa=7.3906e+02 Nhat=1 omega=3.9128 t_setup=0.0058 t_solve=0.0253
[RESULT] tag=casec_3D_box scheme=0 exact=0 iccL=0 overlap=1 nsub=27 | N=8000 iter=103 reason=2 lam_min=1.0744e-02 lam_max=9.9978e+00 kappa=9.3056e+02 Nhat=8 omega=5.0622 t_setup=0.0093 t_solve=0.0463
[RESULT] tag=casec_3D_box scheme=0 exact=0 iccL=0 overlap=2 nsub=27 | N=8000 iter=102 reason=2 lam_min=1.5739e-02 lam_max=1.9767e+01 kappa=1.2559e+03 Nhat=8 omega=5.5594 t_setup=0.0144 t_solve=0.0644
[RESULT] tag=casec_3D_box scheme=0 exact=0 iccL=0 overlap=3 nsub=27 | N=8000 iter=95 reason=2 lam_min=2.4048e-02 lam_max=2.2125e+01 kappa=9.2005e+02 Nhat=8 omega=5.6112 t_setup=0.0209 t_solve=0.0827
[RESULT] tag=casec_3D_box scheme=0 exact=0 iccL=0 overlap=4 nsub=27 | N=8000 iter=108 reason=2 lam_min=3.3839e-02 lam_max=2.2444e+01 kappa=6.6328e+02 Nhat=20 omega=5.6182 t_setup=0.0297 t_solve=0.1290
[RESULT] tag=casec_3D_box scheme=3 exact=0 iccL=0 overlap=0 nsub=27 | N=8000 iter=81 reason=2 lam_min=5.2984e-03 lam_max=3.9158e+00 kappa=7.3906e+02 Nhat=1 omega=3.9128 t_setup=0.0060 t_solve=0.0265
[RESULT] tag=casec_3D_box scheme=3 exact=0 iccL=0 overlap=1 nsub=27 | N=8000 iter=63 reason=2 lam_min=7.4085e-03 lam_max=4.0250e+00 kappa=5.4329e+02 Nhat=8 omega=5.0622 t_setup=0.0091 t_solve=0.0295
[RESULT] tag=casec_3D_box scheme=3 exact=0 iccL=0 overlap=2 nsub=27 | N=8000 iter=66 reason=2 lam_min=7.7367e-03 lam_max=4.8355e+00 kappa=6.2500e+02 Nhat=8 omega=5.5594 t_setup=0.0143 t_solve=0.0430
[RESULT] tag=casec_3D_box scheme=3 exact=0 iccL=0 overlap=3 nsub=27 | N=8000 iter=63 reason=2 lam_min=7.7888e-03 lam_max=5.5307e+00 kappa=7.1008e+02 Nhat=8 omega=5.6112 t_setup=0.0205 t_solve=0.0558
[RESULT] tag=casec_3D_box scheme=3 exact=0 iccL=0 overlap=4 nsub=27 | N=8000 iter=64 reason=2 lam_min=8.0822e-03 lam_max=6.6609e+00 kappa=8.2415e+02 Nhat=20 omega=5.6182 t_setup=0.0292 t_solve=0.0781
[RESULT] tag=casec_3D_metis scheme=0 exact=0 iccL=0 overlap=0 nsub=27 | N=8000 iter=94 reason=2 lam_min=3.8280e-03 lam_max=3.7238e+00 kappa=9.7279e+02 Nhat=1 omega=3.6197 t_setup=0.0060 t_solve=0.0312
[RESULT] tag=casec_3D_metis scheme=0 exact=0 iccL=0 overlap=1 nsub=27 | N=8000 iter=87 reason=2 lam_min=1.0765e-02 lam_max=9.5816e+00 kappa=8.9006e+02 Nhat=5 omega=5.5039 t_setup=0.0097 t_solve=0.0422
[RESULT] tag=casec_3D_metis scheme=0 exact=0 iccL=0 overlap=2 nsub=27 | N=8000 iter=88 reason=2 lam_min=1.8414e-02 lam_max=1.5441e+01 kappa=8.3853e+02 Nhat=8 omega=5.6093 t_setup=0.0157 t_solve=0.0636
[RESULT] tag=casec_3D_metis scheme=0 exact=0 iccL=0 overlap=3 nsub=27 | N=8000 iter=85 reason=2 lam_min=3.0978e-02 lam_max=2.2847e+01 kappa=7.3753e+02 Nhat=11 omega=5.6188 t_setup=0.0318 t_solve=0.0852
[RESULT] tag=casec_3D_metis scheme=0 exact=0 iccL=0 overlap=4 nsub=27 | N=8000 iter=84 reason=2 lam_min=4.6228e-02 lam_max=3.0480e+01 kappa=6.5934e+02 Nhat=15 omega=5.6190 t_setup=0.0325 t_solve=0.1131
[RESULT] tag=casec_3D_metis scheme=3 exact=0 iccL=0 overlap=0 nsub=27 | N=8000 iter=94 reason=2 lam_min=3.8280e-03 lam_max=3.7238e+00 kappa=9.7279e+02 Nhat=1 omega=3.6197 t_setup=0.0060 t_solve=0.0311
[RESULT] tag=casec_3D_metis scheme=3 exact=0 iccL=0 overlap=1 nsub=27 | N=8000 iter=72 reason=2 lam_min=6.7543e-03 lam_max=7.0133e+00 kappa=1.0383e+03 Nhat=5 omega=5.5039 t_setup=0.0096 t_solve=0.0351
[RESULT] tag=casec_3D_metis scheme=3 exact=0 iccL=0 overlap=2 nsub=27 | N=8000 iter=67 reason=2 lam_min=7.2254e-03 lam_max=3.5814e+00 kappa=4.9567e+02 Nhat=8 omega=5.6093 t_setup=0.0155 t_solve=0.0476
[RESULT] tag=casec_3D_metis scheme=3 exact=0 iccL=0 overlap=3 nsub=27 | N=8000 iter=64 reason=2 lam_min=7.7120e-03 lam_max=5.4208e+00 kappa=7.0290e+02 Nhat=11 omega=5.6188 t_setup=0.0238 t_solve=0.0651
[RESULT] tag=casec_3D_metis scheme=3 exact=0 iccL=0 overlap=4 nsub=27 | N=8000 iter=62 reason=2 lam_min=8.1766e-03 lam_max=5.0646e+00 kappa=6.1940e+02 Nhat=15 omega=5.6190 t_setup=0.0327 t_solve=0.0830
[RESULT] tag=cased_2D_box scheme=0 exact=0 iccL=0 overlap=0 nsub=16 | N=4900 iter=115 reason=2 lam_min=3.0798e-03 lam_max=1.8702e+00 kappa=6.0723e+02 Nhat=1 omega=1.4337 t_setup=0.0025 t_solve=0.0141
[RESULT] tag=cased_2D_box scheme=0 exact=0 iccL=0 overlap=1 nsub=16 | N=4900 iter=122 reason=2 lam_min=5.1773e-03 lam_max=4.0453e+00 kappa=7.8135e+02 Nhat=4 omega=1.4337 t_setup=0.0030 t_solve=0.0160
[RESULT] tag=cased_2D_box scheme=0 exact=0 iccL=0 overlap=2 nsub=16 | N=4900 iter=126 reason=2 lam_min=6.1562e-03 lam_max=4.6233e+00 kappa=7.5100e+02 Nhat=4 omega=1.4337 t_setup=0.0034 t_solve=0.0185
[RESULT] tag=cased_2D_box scheme=0 exact=0 iccL=0 overlap=3 nsub=16 | N=4900 iter=124 reason=2 lam_min=6.9837e-03 lam_max=4.9737e+00 kappa=7.1219e+02 Nhat=4 omega=1.4337 t_setup=0.0038 t_solve=0.0199
[RESULT] tag=cased_2D_box scheme=0 exact=0 iccL=0 overlap=4 nsub=16 | N=4900 iter=117 reason=2 lam_min=7.7954e-03 lam_max=5.1874e+00 kappa=6.6544e+02 Nhat=4 omega=1.4337 t_setup=0.0039 t_solve=0.0202
[RESULT] tag=cased_2D_box scheme=3 exact=0 iccL=0 overlap=0 nsub=16 | N=4900 iter=115 reason=2 lam_min=3.0798e-03 lam_max=1.8702e+00 kappa=6.0723e+02 Nhat=1 omega=1.4337 t_setup=0.0028 t_solve=0.0142
[RESULT] tag=cased_2D_box scheme=3 exact=0 iccL=0 overlap=1 nsub=16 | N=4900 iter=87 reason=2 lam_min=4.4866e-03 lam_max=1.5745e+00 kappa=3.5094e+02 Nhat=4 omega=1.4337 t_setup=0.0031 t_solve=0.0122
[RESULT] tag=cased_2D_box scheme=3 exact=0 iccL=0 overlap=2 nsub=16 | N=4900 iter=81 reason=2 lam_min=4.8872e-03 lam_max=1.5459e+00 kappa=3.1632e+02 Nhat=4 omega=1.4337 t_setup=0.0033 t_solve=0.0124
[RESULT] tag=cased_2D_box scheme=3 exact=0 iccL=0 overlap=3 nsub=16 | N=4900 iter=79 reason=2 lam_min=5.0736e-03 lam_max=1.4960e+00 kappa=2.9486e+02 Nhat=4 omega=1.4337 t_setup=0.0037 t_solve=0.0133
[RESULT] tag=cased_2D_box scheme=3 exact=0 iccL=0 overlap=4 nsub=16 | N=4900 iter=78 reason=2 lam_min=5.1371e-03 lam_max=1.4841e+00 kappa=2.8890e+02 Nhat=4 omega=1.4337 t_setup=0.0041 t_solve=0.0141
[RESULT] tag=cased_2D_metis scheme=0 exact=0 iccL=0 overlap=0 nsub=16 | N=4900 iter=127 reason=2 lam_min=2.7660e-03 lam_max=1.8761e+00 kappa=6.7827e+02 Nhat=1 omega=1.4337 t_setup=0.0026 t_solve=0.0159
[RESULT] tag=cased_2D_metis scheme=0 exact=0 iccL=0 overlap=1 nsub=16 | N=4900 iter=112 reason=2 lam_min=5.0354e-03 lam_max=3.1361e+00 kappa=6.2280e+02 Nhat=3 omega=1.4337 t_setup=0.0029 t_solve=0.0148
[RESULT] tag=cased_2D_metis scheme=0 exact=0 iccL=0 overlap=2 nsub=16 | N=4900 iter=117 reason=2 lam_min=6.2071e-03 lam_max=4.0206e+00 kappa=6.4773e+02 Nhat=4 omega=1.4337 t_setup=0.0035 t_solve=0.0175
[RESULT] tag=cased_2D_metis scheme=0 exact=0 iccL=0 overlap=3 nsub=16 | N=4900 iter=118 reason=2 lam_min=7.1306e-03 lam_max=4.6276e+00 kappa=6.4898e+02 Nhat=4 omega=1.4337 t_setup=0.0039 t_solve=0.0193
[RESULT] tag=cased_2D_metis scheme=0 exact=0 iccL=0 overlap=4 nsub=16 | N=4900 iter=114 reason=2 lam_min=8.1120e-03 lam_max=4.8348e+00 kappa=5.9600e+02 Nhat=4 omega=1.4337 t_setup=0.0045 t_solve=0.0210
[RESULT] tag=cased_2D_metis scheme=3 exact=0 iccL=0 overlap=0 nsub=16 | N=4900 iter=127 reason=2 lam_min=2.7660e-03 lam_max=1.8761e+00 kappa=6.7827e+02 Nhat=1 omega=1.4337 t_setup=0.0025 t_solve=0.0159
[RESULT] tag=cased_2D_metis scheme=3 exact=0 iccL=0 overlap=1 nsub=16 | N=4900 iter=95 reason=2 lam_min=4.3106e-03 lam_max=1.7323e+00 kappa=4.0186e+02 Nhat=3 omega=1.4337 t_setup=0.0030 t_solve=0.0134
[RESULT] tag=cased_2D_metis scheme=3 exact=0 iccL=0 overlap=2 nsub=16 | N=4900 iter=86 reason=2 lam_min=4.7847e-03 lam_max=1.6966e+00 kappa=3.5459e+02 Nhat=4 omega=1.4337 t_setup=0.0035 t_solve=0.0135
[RESULT] tag=cased_2D_metis scheme=3 exact=0 iccL=0 overlap=3 nsub=16 | N=4900 iter=85 reason=2 lam_min=4.9154e-03 lam_max=1.6695e+00 kappa=3.3964e+02 Nhat=4 omega=1.4337 t_setup=0.0039 t_solve=0.0144
[RESULT] tag=cased_2D_metis scheme=3 exact=0 iccL=0 overlap=4 nsub=16 | N=4900 iter=82 reason=2 lam_min=5.0085e-03 lam_max=1.6340e+00 kappa=3.2625e+02 Nhat=4 omega=1.4337 t_setup=0.0045 t_solve=0.0158
[RESULT] tag=cased_3D_box scheme=0 exact=0 iccL=0 overlap=0 nsub=27 | N=8000 iter=203 reason=2 lam_min=1.2067e-03 lam_max=2.9996e+00 kappa=2.4858e+03 Nhat=1 omega=2.0578 t_setup=0.0059 t_solve=0.0638
[RESULT] tag=cased_3D_box scheme=0 exact=0 iccL=0 overlap=1 nsub=27 | N=8000 iter=301 reason=2 lam_min=1.4634e-03 lam_max=8.1234e+00 kappa=5.5509e+03 Nhat=8 omega=2.1104 t_setup=0.0094 t_solve=0.1347
[RESULT] tag=cased_3D_box scheme=0 exact=0 iccL=0 overlap=2 nsub=27 | N=8000 iter=297 reason=2 lam_min=1.8469e-03 lam_max=1.0105e+01 kappa=5.4713e+03 Nhat=8 omega=2.1222 t_setup=0.0139 t_solve=0.1866
[RESULT] tag=cased_3D_box scheme=0 exact=0 iccL=0 overlap=3 nsub=27 | N=8000 iter=325 reason=2 lam_min=2.2334e-03 lam_max=1.1411e+01 kappa=5.1091e+03 Nhat=8 omega=2.1262 t_setup=0.0211 t_solve=0.2807
[RESULT] tag=cased_3D_box scheme=0 exact=0 iccL=0 overlap=4 nsub=27 | N=8000 iter=413 reason=2 lam_min=2.2774e-03 lam_max=2.0244e+01 kappa=8.8888e+03 Nhat=20 omega=2.1271 t_setup=0.0300 t_solve=0.4863
[RESULT] tag=cased_3D_box scheme=3 exact=0 iccL=0 overlap=0 nsub=27 | N=8000 iter=203 reason=2 lam_min=1.2067e-03 lam_max=2.9996e+00 kappa=2.4858e+03 Nhat=1 omega=2.0578 t_setup=0.0057 t_solve=0.0659
[RESULT] tag=cased_3D_box scheme=3 exact=0 iccL=0 overlap=1 nsub=27 | N=8000 iter=161 reason=2 lam_min=1.4425e-03 lam_max=5.2413e+00 kappa=3.6334e+03 Nhat=8 omega=2.1104 t_setup=0.0092 t_solve=0.0746
[RESULT] tag=cased_3D_box scheme=3 exact=0 iccL=0 overlap=2 nsub=27 | N=8000 iter=143 reason=2 lam_min=1.8065e-03 lam_max=4.4875e+00 kappa=2.4841e+03 Nhat=8 omega=2.1222 t_setup=0.0144 t_solve=0.0918
[RESULT] tag=cased_3D_box scheme=3 exact=0 iccL=0 overlap=3 nsub=27 | N=8000 iter=164 reason=2 lam_min=1.7637e-03 lam_max=2.1552e+00 kappa=1.2219e+03 Nhat=8 omega=2.1262 t_setup=0.0207 t_solve=0.1447
[RESULT] tag=cased_3D_box scheme=3 exact=0 iccL=0 overlap=4 nsub=27 | N=8000 iter=160 reason=2 lam_min=1.8203e-03 lam_max=2.1512e+00 kappa=1.1818e+03 Nhat=20 omega=2.1271 t_setup=0.0298 t_solve=0.1902
[RESULT] tag=cased_3D_metis scheme=0 exact=0 iccL=0 overlap=0 nsub=27 | N=8000 iter=168 reason=2 lam_min=1.9485e-03 lam_max=2.3734e+00 kappa=1.2180e+03 Nhat=1 omega=1.7672 t_setup=0.0062 t_solve=0.0534
[RESULT] tag=cased_3D_metis scheme=0 exact=0 iccL=0 overlap=1 nsub=27 | N=8000 iter=181 reason=2 lam_min=3.9416e-03 lam_max=5.9472e+00 kappa=1.5088e+03 Nhat=5 omega=2.0225 t_setup=0.0100 t_solve=0.0855
[RESULT] tag=cased_3D_metis scheme=0 exact=0 iccL=0 overlap=2 nsub=27 | N=8000 iter=267 reason=2 lam_min=2.6007e-03 lam_max=8.8313e+00 kappa=3.3958e+03 Nhat=8 omega=2.1115 t_setup=0.0155 t_solve=0.1837
[RESULT] tag=cased_3D_metis scheme=0 exact=0 iccL=0 overlap=3 nsub=27 | N=8000 iter=327 reason=2 lam_min=2.2070e-03 lam_max=1.1931e+01 kappa=5.4060e+03 Nhat=11 omega=2.1243 t_setup=0.0244 t_solve=0.3190
[RESULT] tag=cased_3D_metis scheme=0 exact=0 iccL=0 overlap=4 nsub=27 | N=8000 iter=340 reason=2 lam_min=2.7133e-03 lam_max=1.5819e+01 kappa=5.8301e+03 Nhat=15 omega=2.1270 t_setup=0.0337 t_solve=0.4511
[RESULT] tag=cased_3D_metis scheme=3 exact=0 iccL=0 overlap=0 nsub=27 | N=8000 iter=168 reason=2 lam_min=1.9485e-03 lam_max=2.3734e+00 kappa=1.2180e+03 Nhat=1 omega=1.7672 t_setup=0.0057 t_solve=0.0557
[RESULT] tag=cased_3D_metis scheme=3 exact=0 iccL=0 overlap=1 nsub=27 | N=8000 iter=128 reason=2 lam_min=3.6418e-03 lam_max=4.9113e+00 kappa=1.3486e+03 Nhat=5 omega=2.0225 t_setup=0.0102 t_solve=0.0621
[RESULT] tag=cased_3D_metis scheme=3 exact=0 iccL=0 overlap=2 nsub=27 | N=8000 iter=173 reason=2 lam_min=1.7766e-03 lam_max=4.7731e+00 kappa=2.6866e+03 Nhat=8 omega=2.1115 t_setup=0.0161 t_solve=0.1221
[RESULT] tag=cased_3D_metis scheme=3 exact=0 iccL=0 overlap=3 nsub=27 | N=8000 iter=234 reason=2 lam_min=8.2033e-04 lam_max=3.2804e+00 kappa=3.9988e+03 Nhat=11 omega=2.1243 t_setup=0.0525 t_solve=0.2449
[RESULT] tag=cased_3D_metis scheme=3 exact=0 iccL=0 overlap=4 nsub=27 | N=8000 iter=212 reason=2 lam_min=8.5322e-04 lam_max=3.5033e+00 kappa=4.1060e+03 Nhat=15 omega=2.1270 t_setup=0.0336 t_solve=0.2849
wrote results/fem.log
