# Experiment C: variable coefficient
[RESULT] dim=2 S=4 nx=49 coef=const rho=1. scheme=0 exact=0 iccL=0 overlap=0 | N=2401 iter=95 reason=2 lam_min=1.4262e-03 lam_max=1.6571e+00 kappa=1.1619e+03 Nhat=1 omega=1.2324
[RESULT] dim=2 S=4 nx=49 coef=const rho=1. scheme=0 exact=0 iccL=0 overlap=1 | N=2401 iter=107 reason=2 lam_min=1.8769e-03 lam_max=3.4343e+00 kappa=1.8298e+03 Nhat=3 omega=1.2324
[RESULT] dim=2 S=4 nx=49 coef=const rho=1. scheme=0 exact=0 iccL=0 overlap=2 | N=2401 iter=119 reason=2 lam_min=2.1670e-03 lam_max=4.3615e+00 kappa=2.0127e+03 Nhat=4 omega=1.2324
[RESULT] dim=2 S=4 nx=49 coef=const rho=1. scheme=0 exact=0 iccL=0 overlap=3 | N=2401 iter=121 reason=2 lam_min=2.4810e-03 lam_max=4.5048e+00 kappa=1.8157e+03 Nhat=4 omega=1.2324
[RESULT] dim=2 S=4 nx=49 coef=const rho=1. scheme=0 exact=0 iccL=0 overlap=4 | N=2401 iter=117 reason=2 lam_min=2.8513e-03 lam_max=4.6271e+00 kappa=1.6228e+03 Nhat=4 omega=1.2324
[RESULT] dim=2 S=4 nx=49 coef=const rho=1. scheme=3 exact=0 iccL=0 overlap=0 | N=2401 iter=95 reason=2 lam_min=1.4262e-03 lam_max=1.6571e+00 kappa=1.1619e+03 Nhat=1 omega=1.2324
[RESULT] dim=2 S=4 nx=49 coef=const rho=1. scheme=3 exact=0 iccL=0 overlap=1 | N=2401 iter=79 reason=2 lam_min=1.6266e-03 lam_max=1.2783e+00 kappa=7.8585e+02 Nhat=3 omega=1.2324
[RESULT] dim=2 S=4 nx=49 coef=const rho=1. scheme=3 exact=0 iccL=0 overlap=2 | N=2401 iter=79 reason=2 lam_min=1.6557e-03 lam_max=1.2670e+00 kappa=7.6525e+02 Nhat=4 omega=1.2324
[RESULT] dim=2 S=4 nx=49 coef=const rho=1. scheme=3 exact=0 iccL=0 overlap=3 | N=2401 iter=79 reason=2 lam_min=1.6616e-03 lam_max=1.2654e+00 kappa=7.6152e+02 Nhat=4 omega=1.2324
[RESULT] dim=2 S=4 nx=49 coef=const rho=1. scheme=3 exact=0 iccL=0 overlap=4 | N=2401 iter=79 reason=2 lam_min=1.6633e-03 lam_max=1.2660e+00 kappa=7.6110e+02 Nhat=4 omega=1.2324
[RESULT] dim=2 S=4 nx=49 coef=smooth rho=1. scheme=0 exact=0 iccL=0 overlap=0 | N=2401 iter=97 reason=2 lam_min=1.3745e-03 lam_max=1.6586e+00 kappa=1.2067e+03 Nhat=1 omega=1.2331
[RESULT] dim=2 S=4 nx=49 coef=smooth rho=1. scheme=0 exact=0 iccL=0 overlap=1 | N=2401 iter=111 reason=2 lam_min=1.8080e-03 lam_max=3.4351e+00 kappa=1.8999e+03 Nhat=3 omega=1.2331
[RESULT] dim=2 S=4 nx=49 coef=smooth rho=1. scheme=0 exact=0 iccL=0 overlap=2 | N=2401 iter=124 reason=2 lam_min=2.0868e-03 lam_max=4.3630e+00 kappa=2.0907e+03 Nhat=4 omega=1.2331
[RESULT] dim=2 S=4 nx=49 coef=smooth rho=1. scheme=0 exact=0 iccL=0 overlap=3 | N=2401 iter=126 reason=2 lam_min=2.3885e-03 lam_max=4.5069e+00 kappa=1.8869e+03 Nhat=4 omega=1.2331
[RESULT] dim=2 S=4 nx=49 coef=smooth rho=1. scheme=0 exact=0 iccL=0 overlap=4 | N=2401 iter=122 reason=2 lam_min=2.7442e-03 lam_max=4.6301e+00 kappa=1.6872e+03 Nhat=4 omega=1.2331
[RESULT] dim=2 S=4 nx=49 coef=smooth rho=1. scheme=3 exact=0 iccL=0 overlap=0 | N=2401 iter=97 reason=2 lam_min=1.3745e-03 lam_max=1.6586e+00 kappa=1.2067e+03 Nhat=1 omega=1.2331
[RESULT] dim=2 S=4 nx=49 coef=smooth rho=1. scheme=3 exact=0 iccL=0 overlap=1 | N=2401 iter=82 reason=2 lam_min=1.5674e-03 lam_max=1.2808e+00 kappa=8.1716e+02 Nhat=3 omega=1.2331
[RESULT] dim=2 S=4 nx=49 coef=smooth rho=1. scheme=3 exact=0 iccL=0 overlap=2 | N=2401 iter=80 reason=2 lam_min=1.5953e-03 lam_max=1.2705e+00 kappa=7.9638e+02 Nhat=4 omega=1.2331
[RESULT] dim=2 S=4 nx=49 coef=smooth rho=1. scheme=3 exact=0 iccL=0 overlap=3 | N=2401 iter=80 reason=2 lam_min=1.6010e-03 lam_max=1.2686e+00 kappa=7.9240e+02 Nhat=4 omega=1.2331
[RESULT] dim=2 S=4 nx=49 coef=smooth rho=1. scheme=3 exact=0 iccL=0 overlap=4 | N=2401 iter=81 reason=2 lam_min=1.6026e-03 lam_max=1.2689e+00 kappa=7.9175e+02 Nhat=4 omega=1.2331
[RESULT] dim=2 S=4 nx=49 coef=layers rho=10000. scheme=0 exact=0 iccL=0 overlap=0 | N=2401 iter=112 reason=2 lam_min=4.3325e-07 lam_max=1.5187e+00 kappa=3.5053e+06 Nhat=1 omega=1.2324
[RESULT] dim=2 S=4 nx=49 coef=layers rho=10000. scheme=0 exact=0 iccL=0 overlap=1 | N=2401 iter=141 reason=2 lam_min=5.1016e-07 lam_max=3.3873e+00 kappa=6.6396e+06 Nhat=3 omega=1.2324
[RESULT] dim=2 S=4 nx=49 coef=layers rho=10000. scheme=0 exact=0 iccL=0 overlap=2 | N=2401 iter=153 reason=2 lam_min=5.7657e-07 lam_max=4.2554e+00 kappa=7.3806e+06 Nhat=4 omega=1.2326
[RESULT] dim=2 S=4 nx=49 coef=layers rho=10000. scheme=0 exact=0 iccL=0 overlap=3 | N=2401 iter=158 reason=2 lam_min=6.5459e-07 lam_max=4.6517e+00 kappa=7.1063e+06 Nhat=4 omega=1.2324
[RESULT] dim=2 S=4 nx=49 coef=layers rho=10000. scheme=0 exact=0 iccL=0 overlap=4 | N=2401 iter=154 reason=2 lam_min=7.4732e-07 lam_max=4.7401e+00 kappa=6.3427e+06 Nhat=4 omega=1.2324
[RESULT] dim=2 S=4 nx=49 coef=layers rho=10000. scheme=3 exact=0 iccL=0 overlap=0 | N=2401 iter=112 reason=2 lam_min=4.3325e-07 lam_max=1.5187e+00 kappa=3.5053e+06 Nhat=1 omega=1.2324
[RESULT] dim=2 S=4 nx=49 coef=layers rho=10000. scheme=3 exact=0 iccL=0 overlap=1 | N=2401 iter=104 reason=2 lam_min=4.5397e-07 lam_max=1.3675e+00 kappa=3.0123e+06 Nhat=3 omega=1.2324
[RESULT] dim=2 S=4 nx=49 coef=layers rho=10000. scheme=3 exact=0 iccL=0 overlap=2 | N=2401 iter=101 reason=2 lam_min=4.5211e-07 lam_max=1.2913e+00 kappa=2.8561e+06 Nhat=4 omega=1.2326
[RESULT] dim=2 S=4 nx=49 coef=layers rho=10000. scheme=3 exact=0 iccL=0 overlap=3 | N=2401 iter=101 reason=2 lam_min=4.5226e-07 lam_max=1.2699e+00 kappa=2.8079e+06 Nhat=4 omega=1.2324
[RESULT] dim=2 S=4 nx=49 coef=layers rho=10000. scheme=3 exact=0 iccL=0 overlap=4 | N=2401 iter=99 reason=2 lam_min=4.5243e-07 lam_max=1.2664e+00 kappa=2.7990e+06 Nhat=4 omega=1.2324
[RESULT] dim=2 S=4 nx=49 coef=layers_unaligned rho=10000. scheme=0 exact=0 iccL=0 overlap=0 | N=2401 iter=121 reason=2 lam_min=5.5708e-07 lam_max=1.6572e+00 kappa=2.9748e+06 Nhat=1 omega=1.2323
[RESULT] dim=2 S=4 nx=49 coef=layers_unaligned rho=10000. scheme=0 exact=0 iccL=0 overlap=1 | N=2401 iter=131 reason=2 lam_min=7.0849e-07 lam_max=3.4343e+00 kappa=4.8474e+06 Nhat=3 omega=1.2324
[RESULT] dim=2 S=4 nx=49 coef=layers_unaligned rho=10000. scheme=0 exact=0 iccL=0 overlap=2 | N=2401 iter=146 reason=2 lam_min=7.9945e-07 lam_max=4.3616e+00 kappa=5.4557e+06 Nhat=4 omega=1.2324
[RESULT] dim=2 S=4 nx=49 coef=layers_unaligned rho=10000. scheme=0 exact=0 iccL=0 overlap=3 | N=2401 iter=148 reason=2 lam_min=8.9384e-07 lam_max=4.5048e+00 kappa=5.0398e+06 Nhat=4 omega=1.2324
[RESULT] dim=2 S=4 nx=49 coef=layers_unaligned rho=10000. scheme=0 exact=0 iccL=0 overlap=4 | N=2401 iter=145 reason=2 lam_min=1.0015e-06 lam_max=4.6272e+00 kappa=4.6203e+06 Nhat=4 omega=1.2324
[RESULT] dim=2 S=4 nx=49 coef=layers_unaligned rho=10000. scheme=3 exact=0 iccL=0 overlap=0 | N=2401 iter=121 reason=2 lam_min=5.5708e-07 lam_max=1.6572e+00 kappa=2.9748e+06 Nhat=1 omega=1.2323
[RESULT] dim=2 S=4 nx=49 coef=layers_unaligned rho=10000. scheme=3 exact=0 iccL=0 overlap=1 | N=2401 iter=100 reason=2 lam_min=6.2806e-07 lam_max=1.2793e+00 kappa=2.0369e+06 Nhat=3 omega=1.2324
[RESULT] dim=2 S=4 nx=49 coef=layers_unaligned rho=10000. scheme=3 exact=0 iccL=0 overlap=2 | N=2401 iter=98 reason=2 lam_min=6.3821e-07 lam_max=1.2743e+00 kappa=1.9966e+06 Nhat=4 omega=1.2324
[RESULT] dim=2 S=4 nx=49 coef=layers_unaligned rho=10000. scheme=3 exact=0 iccL=0 overlap=3 | N=2401 iter=97 reason=2 lam_min=6.4028e-07 lam_max=1.2878e+00 kappa=2.0114e+06 Nhat=4 omega=1.2324
[RESULT] dim=2 S=4 nx=49 coef=layers_unaligned rho=10000. scheme=3 exact=0 iccL=0 overlap=4 | N=2401 iter=97 reason=2 lam_min=6.4093e-07 lam_max=1.3167e+00 kappa=2.0543e+06 Nhat=4 omega=1.2324
[RESULT] dim=2 S=4 nx=49 coef=checker rho=10000. scheme=0 exact=0 iccL=0 overlap=0 | N=2401 iter=128 reason=2 lam_min=2.3624e-06 lam_max=1.2503e+00 kappa=5.2925e+05 Nhat=1 omega=1.2325
[RESULT] dim=2 S=4 nx=49 coef=checker rho=10000. scheme=0 exact=0 iccL=0 overlap=1 | N=2401 iter=185 reason=2 lam_min=2.4258e-06 lam_max=3.0434e+00 kappa=1.2546e+06 Nhat=3 omega=1.2328
[RESULT] dim=2 S=4 nx=49 coef=checker rho=10000. scheme=0 exact=0 iccL=0 overlap=2 | N=2401 iter=215 reason=2 lam_min=2.6978e-06 lam_max=4.2041e+00 kappa=1.5583e+06 Nhat=4 omega=1.2339
[RESULT] dim=2 S=4 nx=49 coef=checker rho=10000. scheme=0 exact=0 iccL=0 overlap=3 | N=2401 iter=219 reason=2 lam_min=3.0760e-06 lam_max=4.8511e+00 kappa=1.5771e+06 Nhat=4 omega=1.2365
[RESULT] dim=2 S=4 nx=49 coef=checker rho=10000. scheme=0 exact=0 iccL=0 overlap=4 | N=2401 iter=215 reason=2 lam_min=3.5393e-06 lam_max=4.9356e+00 kappa=1.3945e+06 Nhat=4 omega=1.2343
[RESULT] dim=2 S=4 nx=49 coef=checker rho=10000. scheme=3 exact=0 iccL=0 overlap=0 | N=2401 iter=128 reason=2 lam_min=2.3624e-06 lam_max=1.2503e+00 kappa=5.2925e+05 Nhat=1 omega=1.2325
[RESULT] dim=2 S=4 nx=49 coef=checker rho=10000. scheme=3 exact=0 iccL=0 overlap=1 | N=2401 iter=278 reason=2 lam_min=2.1967e-06 lam_max=1.0836e+02 kappa=4.9328e+07 Nhat=3 omega=1.2328
[RESULT] dim=2 S=4 nx=49 coef=checker rho=10000. scheme=3 exact=0 iccL=0 overlap=2 | N=2401 iter=275 reason=2 lam_min=2.1310e-06 lam_max=1.0893e+02 kappa=5.1116e+07 Nhat=4 omega=1.2339
[RESULT] dim=2 S=4 nx=49 coef=checker rho=10000. scheme=3 exact=0 iccL=0 overlap=3 | N=2401 iter=271 reason=2 lam_min=2.1240e-06 lam_max=1.0901e+02 kappa=5.1323e+07 Nhat=4 omega=1.2365
[RESULT] dim=2 S=4 nx=49 coef=checker rho=10000. scheme=3 exact=0 iccL=0 overlap=4 | N=2401 iter=268 reason=2 lam_min=2.1230e-06 lam_max=1.0908e+02 kappa=5.1378e+07 Nhat=4 omega=1.2343
[RESULT] dim=3 S=4 nx=25 coef=const rho=1. scheme=0 exact=0 iccL=0 overlap=0 | N=15625 iter=80 reason=2 lam_min=2.7308e-03 lam_max=1.6380e+00 kappa=5.9983e+02 Nhat=1 omega=1.1413
[RESULT] dim=3 S=4 nx=25 coef=const rho=1. scheme=0 exact=0 iccL=0 overlap=1 | N=15625 iter=96 reason=2 lam_min=4.7020e-03 lam_max=4.9159e+00 kappa=1.0455e+03 Nhat=4 omega=1.1415
[RESULT] dim=3 S=4 nx=25 coef=const rho=1. scheme=0 exact=0 iccL=0 overlap=2 | N=15625 iter=106 reason=2 lam_min=6.8973e-03 lam_max=7.3990e+00 kappa=1.0727e+03 Nhat=7 omega=1.1414
[RESULT] dim=3 S=4 nx=25 coef=const rho=1. scheme=0 exact=0 iccL=0 overlap=3 | N=15625 iter=98 reason=2 lam_min=1.0340e-02 lam_max=8.3930e+00 kappa=8.1167e+02 Nhat=8 omega=1.1415
[RESULT] dim=3 S=4 nx=25 coef=const rho=1. scheme=0 exact=0 iccL=0 overlap=4 | N=15625 iter=90 reason=2 lam_min=1.4039e-02 lam_max=8.9232e+00 kappa=6.3558e+02 Nhat=8 omega=1.1416
[RESULT] dim=3 S=4 nx=25 coef=const rho=1. scheme=3 exact=0 iccL=0 overlap=0 | N=15625 iter=80 reason=2 lam_min=2.7308e-03 lam_max=1.6380e+00 kappa=5.9983e+02 Nhat=1 omega=1.1413
[RESULT] dim=3 S=4 nx=25 coef=const rho=1. scheme=3 exact=0 iccL=0 overlap=1 | N=15625 iter=64 reason=2 lam_min=3.1913e-03 lam_max=1.2341e+00 kappa=3.8670e+02 Nhat=4 omega=1.1415
[RESULT] dim=3 S=4 nx=25 coef=const rho=1. scheme=3 exact=0 iccL=0 overlap=2 | N=15625 iter=62 reason=2 lam_min=3.2567e-03 lam_max=1.2004e+00 kappa=3.6860e+02 Nhat=7 omega=1.1414
[RESULT] dim=3 S=4 nx=25 coef=const rho=1. scheme=3 exact=0 iccL=0 overlap=3 | N=15625 iter=63 reason=2 lam_min=3.2788e-03 lam_max=1.2313e+00 kappa=3.7553e+02 Nhat=8 omega=1.1415
[RESULT] dim=3 S=4 nx=25 coef=const rho=1. scheme=3 exact=0 iccL=0 overlap=4 | N=15625 iter=62 reason=2 lam_min=3.3316e-03 lam_max=1.1974e+00 kappa=3.5939e+02 Nhat=8 omega=1.1416
[RESULT] dim=3 S=4 nx=25 coef=smooth rho=1. scheme=0 exact=0 iccL=0 overlap=0 | N=15625 iter=82 reason=2 lam_min=2.7034e-03 lam_max=1.6403e+00 kappa=6.0676e+02 Nhat=1 omega=1.1417
[RESULT] dim=3 S=4 nx=25 coef=smooth rho=1. scheme=0 exact=0 iccL=0 overlap=1 | N=15625 iter=104 reason=2 lam_min=4.6557e-03 lam_max=4.9212e+00 kappa=1.0570e+03 Nhat=4 omega=1.1417
[RESULT] dim=3 S=4 nx=25 coef=smooth rho=1. scheme=0 exact=0 iccL=0 overlap=2 | N=15625 iter=111 reason=2 lam_min=6.8301e-03 lam_max=7.4030e+00 kappa=1.0839e+03 Nhat=7 omega=1.1419
[RESULT] dim=3 S=4 nx=25 coef=smooth rho=1. scheme=0 exact=0 iccL=0 overlap=3 | N=15625 iter=105 reason=2 lam_min=1.0241e-02 lam_max=8.3975e+00 kappa=8.2002e+02 Nhat=8 omega=1.1418
[RESULT] dim=3 S=4 nx=25 coef=smooth rho=1. scheme=0 exact=0 iccL=0 overlap=4 | N=15625 iter=94 reason=2 lam_min=1.3905e-02 lam_max=8.9258e+00 kappa=6.4191e+02 Nhat=8 omega=1.1419
[RESULT] dim=3 S=4 nx=25 coef=smooth rho=1. scheme=3 exact=0 iccL=0 overlap=0 | N=15625 iter=82 reason=2 lam_min=2.7034e-03 lam_max=1.6403e+00 kappa=6.0676e+02 Nhat=1 omega=1.1417
[RESULT] dim=3 S=4 nx=25 coef=smooth rho=1. scheme=3 exact=0 iccL=0 overlap=1 | N=15625 iter=66 reason=2 lam_min=3.1596e-03 lam_max=1.2357e+00 kappa=3.9108e+02 Nhat=4 omega=1.1417
[RESULT] dim=3 S=4 nx=25 coef=smooth rho=1. scheme=3 exact=0 iccL=0 overlap=2 | N=15625 iter=64 reason=2 lam_min=3.2244e-03 lam_max=1.2012e+00 kappa=3.7253e+02 Nhat=7 omega=1.1419
[RESULT] dim=3 S=4 nx=25 coef=smooth rho=1. scheme=3 exact=0 iccL=0 overlap=3 | N=15625 iter=65 reason=2 lam_min=3.2463e-03 lam_max=1.2322e+00 kappa=3.7957e+02 Nhat=8 omega=1.1418
[RESULT] dim=3 S=4 nx=25 coef=smooth rho=1. scheme=3 exact=0 iccL=0 overlap=4 | N=15625 iter=64 reason=2 lam_min=3.2987e-03 lam_max=1.1970e+00 kappa=3.6286e+02 Nhat=8 omega=1.1419
[RESULT] dim=3 S=4 nx=25 coef=layers rho=10000. scheme=0 exact=0 iccL=0 overlap=0 | N=15625 iter=105 reason=2 lam_min=8.6455e-07 lam_max=1.5490e+00 kappa=1.7917e+06 Nhat=1 omega=1.1414
[RESULT] dim=3 S=4 nx=25 coef=layers rho=10000. scheme=0 exact=0 iccL=0 overlap=1 | N=15625 iter=153 reason=2 lam_min=1.3457e-06 lam_max=4.7930e+00 kappa=3.5616e+06 Nhat=4 omega=1.1418
[RESULT] dim=3 S=4 nx=25 coef=layers rho=10000. scheme=0 exact=0 iccL=0 overlap=2 | N=15625 iter=165 reason=2 lam_min=1.9513e-06 lam_max=7.3638e+00 kappa=3.7738e+06 Nhat=7 omega=1.1418
[RESULT] dim=3 S=4 nx=25 coef=layers rho=10000. scheme=0 exact=0 iccL=0 overlap=3 | N=15625 iter=150 reason=2 lam_min=2.9125e-06 lam_max=8.4593e+00 kappa=2.9045e+06 Nhat=8 omega=1.1419
[RESULT] dim=3 S=4 nx=25 coef=layers rho=10000. scheme=0 exact=0 iccL=0 overlap=4 | N=15625 iter=134 reason=2 lam_min=3.9637e-06 lam_max=8.9248e+00 kappa=2.2516e+06 Nhat=8 omega=1.1435
[RESULT] dim=3 S=4 nx=25 coef=layers rho=10000. scheme=3 exact=0 iccL=0 overlap=0 | N=15625 iter=105 reason=2 lam_min=8.6455e-07 lam_max=1.5490e+00 kappa=1.7917e+06 Nhat=1 omega=1.1414
[RESULT] dim=3 S=4 nx=25 coef=layers rho=10000. scheme=3 exact=0 iccL=0 overlap=1 | N=15625 iter=94 reason=2 lam_min=9.4217e-07 lam_max=1.2307e+00 kappa=1.3062e+06 Nhat=4 omega=1.1418
[RESULT] dim=3 S=4 nx=25 coef=layers rho=10000. scheme=3 exact=0 iccL=0 overlap=2 | N=15625 iter=94 reason=2 lam_min=9.4786e-07 lam_max=1.2069e+00 kappa=1.2733e+06 Nhat=7 omega=1.1418
[RESULT] dim=3 S=4 nx=25 coef=layers rho=10000. scheme=3 exact=0 iccL=0 overlap=3 | N=15625 iter=95 reason=2 lam_min=9.5218e-07 lam_max=1.2327e+00 kappa=1.2946e+06 Nhat=8 omega=1.1419
[RESULT] dim=3 S=4 nx=25 coef=layers rho=10000. scheme=3 exact=0 iccL=0 overlap=4 | N=15625 iter=93 reason=2 lam_min=9.6430e-07 lam_max=1.1987e+00 kappa=1.2431e+06 Nhat=8 omega=1.1435
[RESULT] dim=3 S=4 nx=25 coef=layers_unaligned rho=10000. scheme=0 exact=0 iccL=0 overlap=0 | N=15625 iter=116 reason=2 lam_min=1.0078e-06 lam_max=1.6410e+00 kappa=1.6282e+06 Nhat=1 omega=1.1452
[RESULT] dim=3 S=4 nx=25 coef=layers_unaligned rho=10000. scheme=0 exact=0 iccL=0 overlap=1 | N=15625 iter=150 reason=2 lam_min=1.6552e-06 lam_max=4.9162e+00 kappa=2.9701e+06 Nhat=4 omega=1.1266
[RESULT] dim=3 S=4 nx=25 coef=layers_unaligned rho=10000. scheme=0 exact=0 iccL=0 overlap=2 | N=15625 iter=159 reason=2 lam_min=2.3332e-06 lam_max=7.3992e+00 kappa=3.1713e+06 Nhat=7 omega=1.1310
[RESULT] dim=3 S=4 nx=25 coef=layers_unaligned rho=10000. scheme=0 exact=0 iccL=0 overlap=3 | N=15625 iter=148 reason=2 lam_min=3.3804e-06 lam_max=8.3937e+00 kappa=2.4830e+06 Nhat=8 omega=1.1336
[RESULT] dim=3 S=4 nx=25 coef=layers_unaligned rho=10000. scheme=0 exact=0 iccL=0 overlap=4 | N=15625 iter=138 reason=2 lam_min=4.4516e-06 lam_max=8.9242e+00 kappa=2.0047e+06 Nhat=8 omega=1.1425
[RESULT] dim=3 S=4 nx=25 coef=layers_unaligned rho=10000. scheme=3 exact=0 iccL=0 overlap=0 | N=15625 iter=116 reason=2 lam_min=1.0078e-06 lam_max=1.6410e+00 kappa=1.6282e+06 Nhat=1 omega=1.1452
[RESULT] dim=3 S=4 nx=25 coef=layers_unaligned rho=10000. scheme=3 exact=0 iccL=0 overlap=1 | N=15625 iter=92 reason=2 lam_min=1.1736e-06 lam_max=1.2344e+00 kappa=1.0518e+06 Nhat=4 omega=1.1266
[RESULT] dim=3 S=4 nx=25 coef=layers_unaligned rho=10000. scheme=3 exact=0 iccL=0 overlap=2 | N=15625 iter=92 reason=2 lam_min=1.1974e-06 lam_max=1.2286e+00 kappa=1.0261e+06 Nhat=7 omega=1.1310
[RESULT] dim=3 S=4 nx=25 coef=layers_unaligned rho=10000. scheme=3 exact=0 iccL=0 overlap=3 | N=15625 iter=89 reason=2 lam_min=1.2251e-06 lam_max=1.2338e+00 kappa=1.0070e+06 Nhat=8 omega=1.1336
[RESULT] dim=3 S=4 nx=25 coef=layers_unaligned rho=10000. scheme=3 exact=0 iccL=0 overlap=4 | N=15625 iter=91 reason=2 lam_min=1.2160e-06 lam_max=1.2281e+00 kappa=1.0100e+06 Nhat=8 omega=1.1425
[RESULT] dim=3 S=4 nx=25 coef=checker rho=10000. scheme=0 exact=0 iccL=0 overlap=0 | N=15625 iter=232 reason=2 lam_min=6.2001e-06 lam_max=1.2402e+00 kappa=2.0002e+05 Nhat=1 omega=1.2388
[RESULT] dim=3 S=4 nx=25 coef=checker rho=10000. scheme=0 exact=0 iccL=0 overlap=1 | N=15625 iter=434 reason=2 lam_min=7.3204e-06 lam_max=4.0558e+00 kappa=5.5404e+05 Nhat=4 omega=1.2388
[RESULT] dim=3 S=4 nx=25 coef=checker rho=10000. scheme=0 exact=0 iccL=0 overlap=2 | N=15625 iter=491 reason=2 lam_min=1.0601e-05 lam_max=7.1142e+00 kappa=6.7107e+05 Nhat=7 omega=1.2388
[RESULT] dim=3 S=4 nx=25 coef=checker rho=10000. scheme=0 exact=0 iccL=0 overlap=3 | N=15625 iter=461 reason=2 lam_min=1.6253e-05 lam_max=8.2527e+00 kappa=5.0777e+05 Nhat=8 omega=1.2388
[RESULT] dim=3 S=4 nx=25 coef=checker rho=10000. scheme=0 exact=0 iccL=0 overlap=4 | N=15625 iter=425 reason=2 lam_min=2.2329e-05 lam_max=9.0191e+00 kappa=4.0392e+05 Nhat=8 omega=1.2391
[RESULT] dim=3 S=4 nx=25 coef=checker rho=10000. scheme=3 exact=0 iccL=0 overlap=0 | N=15625 iter=232 reason=2 lam_min=6.2001e-06 lam_max=1.2402e+00 kappa=2.0002e+05 Nhat=1 omega=1.2388
[RESULT] dim=3 S=4 nx=25 coef=checker rho=10000. scheme=3 exact=0 iccL=0 overlap=1 | N=15625 iter=513 reason=2 lam_min=5.3559e-06 lam_max=8.7645e+01 kappa=1.6364e+07 Nhat=4 omega=1.2388
[RESULT] dim=3 S=4 nx=25 coef=checker rho=10000. scheme=3 exact=0 iccL=0 overlap=2 | N=15625 iter=505 reason=2 lam_min=5.2335e-06 lam_max=8.7798e+01 kappa=1.6776e+07 Nhat=7 omega=1.2388
[RESULT] dim=3 S=4 nx=25 coef=checker rho=10000. scheme=3 exact=0 iccL=0 overlap=3 | N=15625 iter=404 reason=2 lam_min=5.2313e-06 lam_max=4.8044e+01 kappa=9.1841e+06 Nhat=8 omega=1.2388
[RESULT] dim=3 S=4 nx=25 coef=checker rho=10000. scheme=3 exact=0 iccL=0 overlap=4 | N=15625 iter=474 reason=2 lam_min=5.2835e-06 lam_max=4.8077e+01 kappa=9.0995e+06 Nhat=8 omega=1.2391
# C2 contrast sweep
[RESULT] dim=2 S=4 nx=49 coef=layers rho=1. scheme=0 exact=0 iccL=0 overlap=2 | N=2401 iter=119 reason=2 lam_min=2.1670e-03 lam_max=4.3615e+00 kappa=2.0127e+03 Nhat=4 omega=1.2324
[RESULT] dim=2 S=4 nx=49 coef=layers rho=10. scheme=0 exact=0 iccL=0 overlap=2 | N=2401 iter=129 reason=2 lam_min=5.0435e-04 lam_max=4.2958e+00 kappa=8.5175e+03 Nhat=4 omega=1.2249
[RESULT] dim=2 S=4 nx=49 coef=layers rho=100. scheme=0 exact=0 iccL=0 overlap=2 | N=2401 iter=136 reason=2 lam_min=5.6853e-05 lam_max=4.2546e+00 kappa=7.4834e+04 Nhat=4 omega=1.2331
[RESULT] dim=2 S=4 nx=49 coef=layers rho=1000. scheme=0 exact=0 iccL=0 overlap=2 | N=2401 iter=144 reason=2 lam_min=5.7583e-06 lam_max=4.2553e+00 kappa=7.3899e+05 Nhat=4 omega=1.2327
[RESULT] dim=2 S=4 nx=49 coef=layers rho=10000. scheme=0 exact=0 iccL=0 overlap=2 | N=2401 iter=153 reason=2 lam_min=5.7657e-07 lam_max=4.2554e+00 kappa=7.3806e+06 Nhat=4 omega=1.2326
[RESULT] dim=2 S=4 nx=49 coef=layers rho=1. scheme=3 exact=0 iccL=0 overlap=2 | N=2401 iter=79 reason=2 lam_min=1.6557e-03 lam_max=1.2670e+00 kappa=7.6525e+02 Nhat=4 omega=1.2324
[RESULT] dim=2 S=4 nx=49 coef=layers rho=10. scheme=3 exact=0 iccL=0 overlap=2 | N=2401 iter=82 reason=2 lam_min=3.9375e-04 lam_max=1.2816e+00 kappa=3.2549e+03 Nhat=4 omega=1.2249
[RESULT] dim=2 S=4 nx=49 coef=layers rho=100. scheme=3 exact=0 iccL=0 overlap=2 | N=2401 iter=88 reason=2 lam_min=4.4560e-05 lam_max=1.2901e+00 kappa=2.8952e+04 Nhat=4 omega=1.2331
[RESULT] dim=2 S=4 nx=49 coef=layers rho=1000. scheme=3 exact=0 iccL=0 overlap=2 | N=2401 iter=94 reason=2 lam_min=4.5151e-06 lam_max=1.2912e+00 kappa=2.8597e+05 Nhat=4 omega=1.2327
[RESULT] dim=2 S=4 nx=49 coef=layers rho=10000. scheme=3 exact=0 iccL=0 overlap=2 | N=2401 iter=101 reason=2 lam_min=4.5211e-07 lam_max=1.2913e+00 kappa=2.8561e+06 Nhat=4 omega=1.2326
[RESULT] dim=2 S=4 nx=49 coef=layers_unaligned rho=1. scheme=0 exact=0 iccL=0 overlap=2 | N=2401 iter=119 reason=2 lam_min=2.1670e-03 lam_max=4.3615e+00 kappa=2.0127e+03 Nhat=4 omega=1.2324
[RESULT] dim=2 S=4 nx=49 coef=layers_unaligned rho=10. scheme=0 exact=0 iccL=0 overlap=2 | N=2401 iter=122 reason=2 lam_min=6.7043e-04 lam_max=4.3616e+00 kappa=6.5056e+03 Nhat=4 omega=1.2336
[RESULT] dim=2 S=4 nx=49 coef=layers_unaligned rho=100. scheme=0 exact=0 iccL=0 overlap=2 | N=2401 iter=130 reason=2 lam_min=7.8504e-05 lam_max=4.3616e+00 kappa=5.5558e+04 Nhat=4 omega=1.2328
[RESULT] dim=2 S=4 nx=49 coef=layers_unaligned rho=1000. scheme=0 exact=0 iccL=0 overlap=2 | N=2401 iter=137 reason=2 lam_min=7.9812e-06 lam_max=4.3616e+00 kappa=5.4647e+05 Nhat=4 omega=1.2322
[RESULT] dim=2 S=4 nx=49 coef=layers_unaligned rho=10000. scheme=0 exact=0 iccL=0 overlap=2 | N=2401 iter=146 reason=2 lam_min=7.9945e-07 lam_max=4.3616e+00 kappa=5.4557e+06 Nhat=4 omega=1.2324
[RESULT] dim=2 S=4 nx=49 coef=layers_unaligned rho=1. scheme=3 exact=0 iccL=0 overlap=2 | N=2401 iter=79 reason=2 lam_min=1.6557e-03 lam_max=1.2670e+00 kappa=7.6525e+02 Nhat=4 omega=1.2324
[RESULT] dim=2 S=4 nx=49 coef=layers_unaligned rho=10. scheme=3 exact=0 iccL=0 overlap=2 | N=2401 iter=82 reason=2 lam_min=5.3159e-04 lam_max=1.2723e+00 kappa=2.3933e+03 Nhat=4 omega=1.2336
[RESULT] dim=2 S=4 nx=49 coef=layers_unaligned rho=100. scheme=3 exact=0 iccL=0 overlap=2 | N=2401 iter=86 reason=2 lam_min=6.2627e-05 lam_max=1.2740e+00 kappa=2.0343e+04 Nhat=4 omega=1.2328
[RESULT] dim=2 S=4 nx=49 coef=layers_unaligned rho=1000. scheme=3 exact=0 iccL=0 overlap=2 | N=2401 iter=92 reason=2 lam_min=6.3711e-06 lam_max=1.2743e+00 kappa=2.0000e+05 Nhat=4 omega=1.2322
[RESULT] dim=2 S=4 nx=49 coef=layers_unaligned rho=10000. scheme=3 exact=0 iccL=0 overlap=2 | N=2401 iter=98 reason=2 lam_min=6.3821e-07 lam_max=1.2743e+00 kappa=1.9966e+06 Nhat=4 omega=1.2324
[RESULT] dim=2 S=4 nx=49 coef=checker rho=1. scheme=0 exact=0 iccL=0 overlap=2 | N=2401 iter=119 reason=2 lam_min=2.1670e-03 lam_max=4.3615e+00 kappa=2.0127e+03 Nhat=4 omega=1.2324
[RESULT] dim=2 S=4 nx=49 coef=checker rho=10. scheme=0 exact=0 iccL=0 overlap=2 | N=2401 iter=132 reason=2 lam_min=1.2570e-03 lam_max=4.2628e+00 kappa=3.3914e+03 Nhat=4 omega=1.2250
[RESULT] dim=2 S=4 nx=49 coef=checker rho=100. scheme=0 exact=0 iccL=0 overlap=2 | N=2401 iter=150 reason=2 lam_min=2.4100e-04 lam_max=4.2111e+00 kappa=1.7474e+04 Nhat=4 omega=1.2339
[RESULT] dim=2 S=4 nx=49 coef=checker rho=1000. scheme=0 exact=0 iccL=0 overlap=2 | N=2401 iter=182 reason=2 lam_min=2.6685e-05 lam_max=4.2047e+00 kappa=1.5757e+05 Nhat=4 omega=1.2337
[RESULT] dim=2 S=4 nx=49 coef=checker rho=10000. scheme=0 exact=0 iccL=0 overlap=2 | N=2401 iter=215 reason=2 lam_min=2.6978e-06 lam_max=4.2041e+00 kappa=1.5583e+06 Nhat=4 omega=1.2339
[RESULT] dim=2 S=4 nx=49 coef=checker rho=1. scheme=3 exact=0 iccL=0 overlap=2 | N=2401 iter=79 reason=2 lam_min=1.6557e-03 lam_max=1.2670e+00 kappa=7.6525e+02 Nhat=4 omega=1.2324
[RESULT] dim=2 S=4 nx=49 coef=checker rho=10. scheme=3 exact=0 iccL=0 overlap=2 | N=2401 iter=87 reason=2 lam_min=9.8086e-04 lam_max=1.3821e+00 kappa=1.4091e+03 Nhat=4 omega=1.2250
[RESULT] dim=2 S=4 nx=49 coef=checker rho=100. scheme=3 exact=0 iccL=0 overlap=2 | N=2401 iter=109 reason=2 lam_min=1.9011e-04 lam_max=2.5428e+00 kappa=1.3375e+04 Nhat=4 omega=1.2339
[RESULT] dim=2 S=4 nx=49 coef=checker rho=1000. scheme=3 exact=0 iccL=0 overlap=2 | N=2401 iter=159 reason=2 lam_min=2.1077e-05 lam_max=1.2363e+01 kappa=5.8659e+05 Nhat=4 omega=1.2337
[RESULT] dim=2 S=4 nx=49 coef=checker rho=10000. scheme=3 exact=0 iccL=0 overlap=2 | N=2401 iter=275 reason=2 lam_min=2.1310e-06 lam_max=1.0893e+02 kappa=5.1116e+07 Nhat=4 omega=1.2339
[RESULT] dim=3 S=4 nx=25 coef=layers rho=1. scheme=0 exact=0 iccL=0 overlap=2 | N=15625 iter=106 reason=2 lam_min=6.8973e-03 lam_max=7.3990e+00 kappa=1.0727e+03 Nhat=7 omega=1.1414
[RESULT] dim=3 S=4 nx=25 coef=layers rho=10. scheme=0 exact=0 iccL=0 overlap=2 | N=15625 iter=131 reason=2 lam_min=1.6910e-03 lam_max=7.3772e+00 kappa=4.3626e+03 Nhat=7 omega=1.1447
[RESULT] dim=3 S=4 nx=25 coef=layers rho=100. scheme=0 exact=0 iccL=0 overlap=2 | N=15625 iter=142 reason=2 lam_min=1.9223e-04 lam_max=7.3654e+00 kappa=3.8316e+04 Nhat=7 omega=1.1467
[RESULT] dim=3 S=4 nx=25 coef=layers rho=1000. scheme=0 exact=0 iccL=0 overlap=2 | N=15625 iter=152 reason=2 lam_min=1.9486e-05 lam_max=7.3639e+00 kappa=3.7791e+05 Nhat=7 omega=1.1450
[RESULT] dim=3 S=4 nx=25 coef=layers rho=10000. scheme=0 exact=0 iccL=0 overlap=2 | N=15625 iter=165 reason=2 lam_min=1.9513e-06 lam_max=7.3638e+00 kappa=3.7738e+06 Nhat=7 omega=1.1418
[RESULT] dim=3 S=4 nx=25 coef=layers rho=1. scheme=3 exact=0 iccL=0 overlap=2 | N=15625 iter=62 reason=2 lam_min=3.2567e-03 lam_max=1.2004e+00 kappa=3.6860e+02 Nhat=7 omega=1.1414
[RESULT] dim=3 S=4 nx=25 coef=layers rho=10. scheme=3 exact=0 iccL=0 overlap=2 | N=15625 iter=71 reason=2 lam_min=8.1769e-04 lam_max=1.2047e+00 kappa=1.4733e+03 Nhat=7 omega=1.1447
[RESULT] dim=3 S=4 nx=25 coef=layers rho=100. scheme=3 exact=0 iccL=0 overlap=2 | N=15625 iter=80 reason=2 lam_min=9.3333e-05 lam_max=1.2067e+00 kappa=1.2929e+04 Nhat=7 omega=1.1467
[RESULT] dim=3 S=4 nx=25 coef=layers rho=1000. scheme=3 exact=0 iccL=0 overlap=2 | N=15625 iter=87 reason=2 lam_min=9.4652e-06 lam_max=1.2069e+00 kappa=1.2751e+05 Nhat=7 omega=1.1450
[RESULT] dim=3 S=4 nx=25 coef=layers rho=10000. scheme=3 exact=0 iccL=0 overlap=2 | N=15625 iter=94 reason=2 lam_min=9.4786e-07 lam_max=1.2069e+00 kappa=1.2733e+06 Nhat=7 omega=1.1418
[RESULT] dim=3 S=4 nx=25 coef=layers_unaligned rho=1. scheme=0 exact=0 iccL=0 overlap=2 | N=15625 iter=106 reason=2 lam_min=6.8973e-03 lam_max=7.3990e+00 kappa=1.0727e+03 Nhat=7 omega=1.1414
[RESULT] dim=3 S=4 nx=25 coef=layers_unaligned rho=10. scheme=0 exact=0 iccL=0 overlap=2 | N=15625 iter=129 reason=2 lam_min=1.9802e-03 lam_max=7.3992e+00 kappa=3.7365e+03 Nhat=7 omega=1.1482
[RESULT] dim=3 S=4 nx=25 coef=layers_unaligned rho=100. scheme=0 exact=0 iccL=0 overlap=2 | N=15625 iter=138 reason=2 lam_min=2.2940e-04 lam_max=7.3992e+00 kappa=3.2255e+04 Nhat=7 omega=1.1503
[RESULT] dim=3 S=4 nx=25 coef=layers_unaligned rho=1000. scheme=0 exact=0 iccL=0 overlap=2 | N=15625 iter=150 reason=2 lam_min=2.3296e-05 lam_max=7.3992e+00 kappa=3.1762e+05 Nhat=7 omega=1.1475
[RESULT] dim=3 S=4 nx=25 coef=layers_unaligned rho=10000. scheme=0 exact=0 iccL=0 overlap=2 | N=15625 iter=159 reason=2 lam_min=2.3332e-06 lam_max=7.3992e+00 kappa=3.1713e+06 Nhat=7 omega=1.1310
[RESULT] dim=3 S=4 nx=25 coef=layers_unaligned rho=1. scheme=3 exact=0 iccL=0 overlap=2 | N=15625 iter=62 reason=2 lam_min=3.2567e-03 lam_max=1.2004e+00 kappa=3.6860e+02 Nhat=7 omega=1.1414
[RESULT] dim=3 S=4 nx=25 coef=layers_unaligned rho=10. scheme=3 exact=0 iccL=0 overlap=2 | N=15625 iter=72 reason=2 lam_min=1.0040e-03 lam_max=1.2173e+00 kappa=1.2125e+03 Nhat=7 omega=1.1482
[RESULT] dim=3 S=4 nx=25 coef=layers_unaligned rho=100. scheme=3 exact=0 iccL=0 overlap=2 | N=15625 iter=80 reason=2 lam_min=1.1758e-04 lam_max=1.2273e+00 kappa=1.0438e+04 Nhat=7 omega=1.1503
[RESULT] dim=3 S=4 nx=25 coef=layers_unaligned rho=1000. scheme=3 exact=0 iccL=0 overlap=2 | N=15625 iter=86 reason=2 lam_min=1.1954e-05 lam_max=1.2285e+00 kappa=1.0277e+05 Nhat=7 omega=1.1475
[RESULT] dim=3 S=4 nx=25 coef=layers_unaligned rho=10000. scheme=3 exact=0 iccL=0 overlap=2 | N=15625 iter=92 reason=2 lam_min=1.1974e-06 lam_max=1.2286e+00 kappa=1.0261e+06 Nhat=7 omega=1.1310
[RESULT] dim=3 S=4 nx=25 coef=checker rho=1. scheme=0 exact=0 iccL=0 overlap=2 | N=15625 iter=106 reason=2 lam_min=6.8973e-03 lam_max=7.3990e+00 kappa=1.0727e+03 Nhat=7 omega=1.1414
[RESULT] dim=3 S=4 nx=25 coef=checker rho=10. scheme=0 exact=0 iccL=0 overlap=2 | N=15625 iter=147 reason=2 lam_min=4.6960e-03 lam_max=7.2436e+00 kappa=1.5425e+03 Nhat=7 omega=1.1999
[RESULT] dim=3 S=4 nx=25 coef=checker rho=100. scheme=0 exact=0 iccL=0 overlap=2 | N=15625 iter=248 reason=2 lam_min=9.4697e-04 lam_max=7.1502e+00 kappa=7.5506e+03 Nhat=7 omega=1.2334
[RESULT] dim=3 S=4 nx=25 coef=checker rho=1000. scheme=0 exact=0 iccL=0 overlap=2 | N=15625 iter=399 reason=2 lam_min=1.0488e-04 lam_max=7.1186e+00 kappa=6.7875e+04 Nhat=7 omega=1.2383
[RESULT] dim=3 S=4 nx=25 coef=checker rho=10000. scheme=0 exact=0 iccL=0 overlap=2 | N=15625 iter=491 reason=2 lam_min=1.0601e-05 lam_max=7.1142e+00 kappa=6.7107e+05 Nhat=7 omega=1.2388
[RESULT] dim=3 S=4 nx=25 coef=checker rho=1. scheme=3 exact=0 iccL=0 overlap=2 | N=15625 iter=62 reason=2 lam_min=3.2567e-03 lam_max=1.2004e+00 kappa=3.6860e+02 Nhat=7 omega=1.1414
[RESULT] dim=3 S=4 nx=25 coef=checker rho=10. scheme=3 exact=0 iccL=0 overlap=2 | N=15625 iter=87 reason=2 lam_min=2.2809e-03 lam_max=1.3429e+00 kappa=5.8878e+02 Nhat=7 omega=1.1999
[RESULT] dim=3 S=4 nx=25 coef=checker rho=100. scheme=3 exact=0 iccL=0 overlap=2 | N=15625 iter=154 reason=2 lam_min=4.6668e-04 lam_max=2.4244e+00 kappa=5.1950e+03 Nhat=7 omega=1.2334
[RESULT] dim=3 S=4 nx=25 coef=checker rho=1000. scheme=3 exact=0 iccL=0 overlap=2 | N=15625 iter=294 reason=2 lam_min=5.1767e-05 lam_max=1.0439e+01 kappa=2.0166e+05 Nhat=7 omega=1.2383
[RESULT] dim=3 S=4 nx=25 coef=checker rho=10000. scheme=3 exact=0 iccL=0 overlap=2 | N=15625 iter=505 reason=2 lam_min=5.2335e-06 lam_max=8.7798e+01 kappa=1.6776e+07 Nhat=7 omega=1.2388
wrote results/petsc_C.log
